******************************************************************************
                  TI ARM Linker Unix v20.2.1                   
******************************************************************************
>> Linked Wed Dec 30 17:18:59 2020

OUTPUT FILE NAME:   <t04.out>
ENTRY POINT SYMBOL: "ResetISR"  address: 000038d5


MEMORY CONFIGURATION

         name            origin    length      used     unused   attr    fill
----------------------  --------  ---------  --------  --------  ----  --------
  FLASH                 00000000   00058000  00005b9b  00052465  R  X
  GPRAM                 11000000   00002000  00000000  00002000  RW X
  SRAM                  20000000   00014000  000024d5  00011b2b  RW X


SEGMENT ALLOCATION MAP

run origin  load origin   length   init length attrs members
----------  ----------- ---------- ----------- ----- -------
00000000    00000000    00005b48   00005b48    r-x
  00000000    00000000    0000003c   0000003c    r-- .resetVecs
  0000003c    0000003c    00005214   00005214    r-x .text
  00005250    00005250    0000071b   0000071b    r-- .const
  00005970    00005970    000001d8   000001d8    r-- .cinit
00057fa8    00057fa8    00000058   00000058    r--
  00057fa8    00057fa8    00000058   00000058    r-- .ccfg
20000100    20000100    0000000c   00000000    rw-
  20000100    20000100    00000004   00000000    rw- .data:xdcRomConstPtr
  20000104    20000104    00000004   00000000    rw- .data:xdcRomExternFuncPtr
  20000108    20000108    00000004   00000000    rw- .data:xdcRomStatePtr
20000110    20000110    00001000   00000000    r--
  20000110    20000110    00001000   00000000    r-- .priheap
20001110    20001110    00000ff6   00000000    rw-
  20001110    20001110    00000abb   00000000    rw- .bss
  20001bd0    20001bd0    00000536   00000000    rw- .data
20013c00    20013c00    00000400   00000000    rw-
  20013c00    20013c00    00000400   00000000    rw- .stack


SECTION ALLOCATION MAP

 output                                  attributes/
section   page    origin      length       input sections
--------  ----  ----------  ----------   ----------------
.binit     0    00000000    00000000     

.cinit     0    00005970    000001d8     
                  00005970    00000182     (.cinit..data.load) [load image, compression = lzss]
                  00005af2    00000002     --HOLE-- [fill = 0]
                  00005af4    0000000c     (__TI_handler_table)
                  00005b00    00000008     (.cinit..bss.load) [load image, compression = zero_init]
                  00005b08    00000008     (.cinit..data:xdcRomConstPtr.load) [load image, compression = lzss]
                  00005b10    00000008     (.cinit..data:xdcRomExternFuncPtr.load) [load image, compression = lzss]
                  00005b18    00000008     (.cinit..data:xdcRomStatePtr.load) [load image, compression = lzss]
                  00005b20    00000028     (__TI_cinit_table)

.init_array 
*          0    00000000    00000000     UNINITIALIZED

.ccfg      0    00057fa8    00000058     
                  00057fa8    00000058     ti_devices_config.obj (.ccfg:retain)

.bss       0    20001110    00000abb     UNINITIALIZED
                  20001110    00000400     ti_drivers_config.obj (.bss:displayUARTBuffer)
                  20001510    00000200     release_pem4f.oem4f (.bss:taskStackSection)
                  20001710    0000012c     (.common:uartCC26XXObjects)
                  2000183c    000000e0     (.common:i2cCC26xxObjects)
                  2000191c    000000d8     (.common:ti_sysbios_family_arm_m3_Hwi_dispatchTable)
                  200019f4    0000007c     (.common:pinHandleTable)
                  20001a70    00000034     drivers_cc13x2.aem4f : PINCC26XX.oem4f (.bss:pinSwi)
                  20001aa4    00000020                          : GPIOCC26XX.oem4f (.bss:gpioCallbackInfo)
                  20001ac4    00000020                          : PINCC26XX.oem4f (.bss:pinGpioConfigTable)
                  20001ae4    00000020     ti_drivers_config.obj (.bss:uartCC26XXRingBuffer0)
                  20001b04    0000001c     driverlib.lib : osc.obj (.bss:$O1$$)
                  20001b20    0000001c     drivers_cc13x2.aem4f : PINCC26XX.oem4f (.bss:pinHwi)
                  20001b3c    0000001c                          : PINCC26XX.oem4f (.bss:pinSemaphore)
                  20001b58    0000001c     (.common:opt3001Sem)
                  20001b74    00000010     (.common:opt3001Params)
                  20001b84    0000000c                          : GPIOCC26XX.oem4f (.bss:gpioPinState)
                  20001b90    0000000c     (.common:OPT3001_object)
                  20001b9c    0000000c     (.common:displayUartObject)
                  20001ba8    00000008                          : GPIOCC26XX.oem4f (.bss)
                  20001bb0    00000004                          : PINCC26XX.oem4f (.bss)
                  20001bb4    00000004     i2copt3001.obj (.bss)
                  20001bb8    00000004     (.common:ClockP_tickPeriod)
                  20001bbc    00000004     (.common:PowerCC26XX_swiKey)
                  20001bc0    00000004     (.common:PowerCC26XX_taskKey)
                  20001bc4    00000004     (.common:lux)
                  20001bc8    00000002     (.common:sampleTime)
                  20001bca    00000001     (.common:driverlib_release_0_55938)

.data      0    20001bd0    00000536     UNINITIALIZED
                  20001bd0    00000110     drivers_cc13x2.aem4f : PowerCC26X2.oem4f (.data:PowerCC26X2_module)
                  20001ce0    0000010c     release_pem4f.oem4f (.data:ROM_stateStruct)
                  20001dec    00000088     rom_sysbios.aem4f : rom_sysbios.obj (.data:$O1$$)
                  20001e74    00000054     release_pem4f.oem4f (.data:ti_sysbios_gates_GateMutex_Object__table__V)
                  20001ec8    0000004c     release_pem4f.oem4f (.data:ti_sysbios_knl_Task_Object__table__V)
                  20001f14    00000004     drivers_cc13x2.aem4f : GPIOCC26XX.oem4f (.data:gpioPinTable)
                  20001f18    00000048     release_pem4f.oem4f (.data:ti_sysbios_family_arm_cc26xx_Timer_Object__table__V)
                  20001f60    00000030     release_pem4f.oem4f (.data:ti_sysbios_knl_Swi_Module_State_0_readyQ__A)
                  20001f90    00000030     release_pem4f.oem4f (.data:ti_sysbios_knl_Swi_Object__table__V)
                  20001fc0    00000030     release_pem4f.oem4f (.data:ti_sysbios_knl_Task_Module_State_0_readyQ__A)
                  20001ff0    00000020     release_pem4f.oem4f (.data:ti_sysbios_knl_Clock_Object__table__V)
                  20002010    00000020     release_pem4f.oem4f (.data:xdc_runtime_Error_IgnoreBlock)
                  20002030    00000018     release_pem4f.oem4f (.data:ti_sysbios_family_arm_m3_Hwi_Object__table__V)
                  20002048    00000018     release_pem4f.oem4f (.data:ti_sysbios_heaps_HeapMem_Object__table__V)
                  20002060    00000008     rtsv7M4_T_le_v4SPD16_eabi.lib : _lock.c.obj (.data:$O1$$)
                  20002068    00000008     drivers_cc13x2.aem4f : PINCC26XX.oem4f (.data)
                  20002070    00000008     ti_drivers_config.obj (.data:gpioCallbackFunctions)
                  20002078    00000008     ti_drivers_config.obj (.data:gpioPinConfigs)
                  20002080    00000008     release_pem4f.oem4f (.data:ti_sysbios_family_arm_m3_Hwi_Module__root__V)
                  20002088    00000008     release_pem4f.oem4f (.data:ti_sysbios_gates_GateHwi_Module__root__V)
                  20002090    00000008     release_pem4f.oem4f (.data:ti_sysbios_gates_GateMutex_Module__root__V)
                  20002098    00000008     release_pem4f.oem4f (.data:ti_sysbios_hal_Hwi_Module__root__V)
                  200020a0    00000008     release_pem4f.oem4f (.data:ti_sysbios_heaps_HeapMem_Module__root__V)
                  200020a8    00000008     release_pem4f.oem4f (.data:ti_sysbios_knl_Clock_Module__root__V)
                  200020b0    00000008     release_pem4f.oem4f (.data:ti_sysbios_knl_Event_Module__root__V)
                  200020b8    00000008     release_pem4f.oem4f (.data:ti_sysbios_knl_Mailbox_Module__root__V)
                  200020c0    00000008     release_pem4f.oem4f (.data:ti_sysbios_knl_Queue_Module__root__V)
                  200020c8    00000008     release_pem4f.oem4f (.data:ti_sysbios_knl_Semaphore_Module__root__V)
                  200020d0    00000008     release_pem4f.oem4f (.data:ti_sysbios_knl_Swi_Module__root__V)
                  200020d8    00000008     release_pem4f.oem4f (.data:ti_sysbios_knl_Task_Module__root__V)
                  200020e0    00000008     release_pem4f.oem4f (.data:xdc_runtime_System_Module_State_0_atexitHandlers__A)
                  200020e8    00000005     drivers_cc13x2.aem4f : GPIOCC26XX.oem4f (.data)
                  200020ed    00000001                          : I2C.oem4f (.data)
                  200020ee    00000002     release_pem4f.oem4f (.data:ti_sysbios_family_arm_m3_Hwi_Module_State_0_excActive__A)
                  200020f0    00000004     i2copt3001.obj (.data)
                  200020f4    00000004     rtsv7M4_T_le_v4SPD16_eabi.lib : stkdepth_vars.c.obj (.data)
                  200020f8    00000004     release_pem4f.oem4f (.data:ti_sysbios_family_arm_m3_Hwi_Module_State_0_excContext__A)
                  200020fc    00000004     release_pem4f.oem4f (.data:ti_sysbios_family_arm_m3_Hwi_Module_State_0_excStack__A)
                  20002100    00000004     release_pem4f.oem4f (.data:ti_sysbios_knl_Task_Module_State_0_idleTask__A)
                  20002104    00000001     drivers_cc13x2.aem4f : UART.oem4f (.data)
                  20002105    00000001     sail.lib : opt3001.obj (.data)

.stack     0    20013c00    00000400     UNINITIALIZED
                  20013c00    00000400     --HOLE--

.priheap   0    20000110    00001000     UNINITIALIZED
                  20000110    00001000     --HOLE--

.data:xdcRomConstPtr 
*          0    20000100    00000004     UNINITIALIZED
                  20000100    00000004     release_pem4f.oem4f (.data:xdcRomConstPtr)

.data:xdcRomExternFuncPtr 
*          0    20000104    00000004     UNINITIALIZED
                  20000104    00000004     release_pem4f.oem4f (.data:xdcRomExternFuncPtr)

.data:xdcRomStatePtr 
*          0    20000108    00000004     UNINITIALIZED
                  20000108    00000004     release_pem4f.oem4f (.data:xdcRomStatePtr)

.bootVecs 
*          0    00000000    00000008     DSECT
                  00000000    00000008     boot.aem4f : boot.oem4f (.bootVecs)

.resetVecs 
*          0    00000000    0000003c     
                  00000000    0000003c     release_pem4f.oem4f (.resetVecs)

.vecs      0    20000000    000000d8     NOLOAD SECTION
                  20000000    000000d8     release_pem4f.oem4f (.vecs)

xdc.meta   0    00000000    00000105     COPY SECTION
                  00000000    00000105     release_pem4f.oem4f (xdc.meta)

xdc.noload 
*          0    00000000    00000000     COPY SECTION

__llvm_prf_cnts 
*          0    20000000    00000000     UNINITIALIZED

.text      0    0000003c    00005214     
                  0000003c    00000398     i2copt3001.obj (.text:mainThread)
                  000003d4    000001d0     sail.lib : opt3001.obj (.text:OPT3001_setLuxLimits)
                  000005a4    000001c4     drivers_cc13x2.aem4f : PINCC26XX.oem4f (.text:PIN_init)
                  00000768    000001b6     rtsv7M4_T_le_v4SPD16_eabi.lib : fd_add_t2.asm.obj (.text)
                  0000091e    00000002     ti_drivers_config.obj (.text:Board_initHook)
                  00000920    000001a8     drivers_cc13x2.aem4f : PowerCC26X2.oem4f (.text:Power_sleep)
                  00000ac8    00000190                          : PowerCC26X2_calibrateRCOSC.oem4f (.text:calibrateRcoscHf1)
                  00000c58    0000018c                          : PowerCC26X2.oem4f (.text:Power_init)
                  00000de4    0000018c                          : PowerCC26X2_calibrateRCOSC.oem4f (.text:runCalibrateFsm)
                  00000f70    00000188     release_pem4f.oem4f (.text:xdc_runtime_System_printfExtend__I)
                  000010f8    00000164     drivers_cc13x2.aem4f : UARTCC26XX.oem4f (.text:UARTCC26XX_open)
                  0000125c    00000154                          : UARTCC26XX.oem4f (.text:UARTCC26XX_hwiIntFxn)
                  000013b0    0000013a                          : UARTCC26XX.oem4f (.text:UARTCC26XX_read)
                  000014ea    00000002     display.aem4f : DisplayUart.oem4f (.text:DisplayUartMin_clear)
                  000014ec    00000118     drivers_cc13x2.aem4f : I2CCC26XX.oem4f (.text:I2CCC26XX_hwiFxn)
                  00001604    00000114                          : I2CCC26XX.oem4f (.text:I2CCC26XX_transfer)
                  00001718    00000110                          : GPIOCC26XX.oem4f (.text:GPIO_setConfig)
                  00001828    00000100                          : PowerCC26X2.oem4f (.text:configureXOSCHF)
                  00001928    000000fc     driverlib.lib : sys_ctrl.obj (.text:NOROM_SysCtrlStandby)
                  00001a24    000000fc     rtsv7M4_T_le_v4SPD16_eabi.lib : fd_mul_t2.asm.obj (.text)
                  00001b20    000000f8     drivers_cc13x2.aem4f : PINCC26XX.oem4f (.text:PINCC26XX_setIoCfg)
                  00001c18    000000ec     rom_sysbios.aem4f : rom_sysbios.obj (.text:pthread_create)
                  00001d04    000000e4     drivers_cc13x2.aem4f : I2CCC26XX.oem4f (.text:I2CCC26XX_open)
                  00001de8    000000e0                          : UARTCC26XX.oem4f (.text:UARTCC26XX_write)
                  00001ec8    000000c8                          : PowerCC26X2.oem4f (.text:Power_releaseDependency)
                  00001f90    000000c4                          : GPIOCC26XX.oem4f (.text:GPIO_init)
                  00002054    000000c4     sail.lib : opt3001.obj (.text:OPT3001_open)
                  00002118    000000c4     drivers_cc13x2.aem4f : PowerCC26X2.oem4f (.text:Power_setDependency)
                  000021dc    000000c0                          : UARTCC26XX.oem4f (.text:UARTCC26XX_initIO)
                  0000229c    000000b8                          : UARTCC26XX.oem4f (.text:UARTCC26XX_initHw)
                  00002354    000000b4     dpl_cc13x2.aem4f : PowerCC26X2_tirtos.oem4f (.text:PowerCC26XX_standbyPolicy)
                  00002408    000000ac     drivers_cc13x2.aem4f : PINCC26XX.oem4f (.text:PIN_open)
                  000024b4    000000ac     driverlib.lib : setup.obj (.text:TrimAfterColdResetWakeupFromShutDown)
                  00002560    000000a0     auto_init.aem4f : auto_init.oem4f (.text)
                  00002600    000000a0     rom_sysbios.aem4f : rom_sysbios.obj (.text:ti_sysbios_knl_Task_setPri__E)
                  000026a0    0000009c     rtsv7M4_T_le_v4SPD16_eabi.lib : memcpy_t2.asm.obj (.text)
                  0000273c    00000098     driverlib.lib : setup.obj (.text:NOROM_SetupTrimDevice)
                  000027d4    00000098     drivers_cc13x2.aem4f : UARTCC26XX.oem4f (.text:writeTxFifoFlush)
                  0000286c    00000096     rtsv7M4_T_le_v4SPD16_eabi.lib : ull_div_t2.asm.obj (.text)
                  00002902    00000092     drivers_cc13x2.aem4f : UARTCC26XX.oem4f (.text:UARTCC26XX_writeCancel)
                  00002994    00000090                          : I2CCC26XX.oem4f (.text:I2CCC26XX_cancel)
                  00002a24    0000008c                          : I2CCC26XX.oem4f (.text:I2CCC26XX_primeTransfer)
                  00002ab0    00000088     driverlib.lib : osc.obj (.text:NOROM_OSCHF_AttemptToSwitchToXosc)
                  00002b38    00000088     rom_sysbios.aem4f : rom_sysbios.obj (.text:_pthread_removeThreadKeys)
                  00002bc0    00000088     drivers_cc13x2.aem4f : PowerCC26X2_calibrateRCOSC.oem4f (.text:calibrateRcoscHf2)
                  00002c48    00000088                          : PowerCC26X2.oem4f (.text:disableLFClockQualifiers)
                  00002cd0    00000088                          : PowerCC26X2_calibrateRCOSC.oem4f (.text:updateSubSecInc)
                  00002d58    00000086     rtsv7M4_T_le_v4SPD16_eabi.lib : fd_cmp_t2.asm.obj (.text:__aeabi_cdcmple)
                  00002dde    00000086                                   : fd_cmp_t2.asm.obj (.text:__aeabi_cdrcmple)
                  00002e64    00000084     drivers_cc13x2.aem4f : UARTCC26XX.oem4f (.text:UARTCC26XX_close)
                  00002ee8    00000084     rom_sysbios.aem4f : rom_sysbios.obj (.text:ti_sysbios_family_arm_m3_Hwi_excHandlerMin__I)
                  00002f6c    00000080     i2copt3001.obj (.text:opt3001InterruptTask)
                  00002fec    00000080     rom_sysbios.aem4f : rom_sysbios.obj (.text:ti_sysbios_family_arm_cc26xx_Timer_start__E)
                  0000306c    0000007a     rtsv7M4_T_le_v4SPD16_eabi.lib : memset_t2.asm.obj (.text)
                  000030e6    00000002     display.aem4f : DisplayUart.oem4f (.text:DisplayUartMin_clearLines)
                  000030e8    00000074     drivers_cc13x2.aem4f : PowerCC26X2_calibrateRCOSC.oem4f (.text:PowerCC26X2_auxISR)
                  0000315c    00000072                          : I2CCC26XX.oem4f (.text:I2CCC26XX_swiFxn)
                  000031ce    00000002     display.aem4f : DisplayUart.oem4f (.text:DisplayUartMin_init)
                  000031d0    00000070     drivers_cc13x2.aem4f : PINCC26XX.oem4f (.text:PIN_add)
                  00003240    00000070     main_tirtos.obj (.text:main)
                  000032b0    0000006d     rom_sysbios.aem4f : rom_sysbios.obj (.text:xdc_runtime_System_formatNum__I)
                  0000331d    00000001     --HOLE-- [fill = 0]
                  0000331e    00000002     rtsv7M4_T_le_v4SPD16_eabi.lib : _lock.c.obj (.text:_nop)
                  00003320    00000068     driverlib.lib : osc.obj (.text:NOROM_OSCHF_SwitchToRcOscTurnOffXosc)
                  00003388    00000068                   : sys_ctrl.obj (.text:NOROM_SysCtrlSetRechargeBeforePowerDown)
                  000033f0    00000068     rtsv7M4_T_le_v4SPD16_eabi.lib : copy_decompress_lzss.c.obj (.text:decompress:lzss:__TI_decompress_lzss)
                  00003458    00000066     sail.lib : opt3001.obj (.text:OPT3001_readRegister)
                  000034be    00000066              : opt3001.obj (.text:OPT3001_writeRegister)
                  00003524    00000064     drivers_cc13x2.aem4f : I2CCC26XX.oem4f (.text:I2CCC26XX_initIO)
                  00003588    00000064                          : UARTCC26XX.oem4f (.text:UARTCC26XX_control)
                  000035ec    00000062                          : UARTCC26XX.oem4f (.text:UARTCC26XX_swiIntFxn)
                  0000364e    00000002                          : PowerCC26X2.oem4f (.text:emptyClockFunc)
                  00003650    00000060                          : GPIOCC26XX.oem4f (.text:GPIO_write)
                  000036b0    0000005c     display.aem4f : Display.oem4f (.text:Display_doOpen)
                  0000370c    0000005c     drivers_cc13x2.aem4f : I2CCC26XX.oem4f (.text:I2CCC26XX_close)
                  00003768    0000005c                          : PINCC26XX.oem4f (.text:PIN_remove)
                  000037c4    0000005c     rom_sysbios.aem4f : rom_sysbios.obj (.text:ti_sysbios_heaps_HeapMem_initPrimary__I)
                  00003820    0000005c     release_pem4f.oem4f (.text:xdc_runtime_Startup_getState__I)
                  0000387c    00000058     drivers_cc13x2.aem4f : PowerCC26X2_calibrateRCOSC.oem4f (.text:PowerCC26X2_initiateCalibration)
                  000038d4    00000058     boot.aem4f : boot.oem4f (.text)
                  0000392c    00000058     sail.lib : opt3001.obj (.text:convertToLux)
                  00003984    00000058     rom_sysbios.aem4f : rom_sysbios.obj (.text:pthread_exit)
                  000039dc    00000054     driverlib.lib : chipinfo.obj (.text:NOROM_ChipInfo_GetChipType)
                  00003a30    00000050     dpl_cc13x2.aem4f : ClockP_tirtos.oem4f (.text:ClockP_construct)
                  00003a80    00000050     drivers_cc13x2.aem4f : GPIOCC26XX.oem4f (.text:GPIO_enableInt)
                  00003ad0    0000004c     sail.lib : opt3001.obj (.text:OPT3001_init)
                  00003b1c    0000004c     drivers_cc13x2.aem4f : UARTCC26XX.oem4f (.text:UARTCC26XX_readCancel)
                  00003b68    0000004c     rtsv7M4_T_le_v4SPD16_eabi.lib : cpy_tbl.c.obj (.text:copy_in)
                  00003bb4    0000004c     drivers_cc13x2.aem4f : UARTCC26XX.oem4f (.text:startTxFifoEmptyClk)
                  00003c00    0000004c                          : PowerCC26X2.oem4f (.text:switchXOSCHF)
                  00003c4c    0000004a     display.aem4f : DisplayUart.oem4f (.text:DisplayUartMin_open)
                  00003c96    0000004a     sail.lib : opt3001.obj (.text:OPT3001_getLuxLimits)
                  00003ce0    00000048     drivers_cc13x2.aem4f : I2CCC26XX.oem4f (.text:I2CCC26XX_initHw)
                  00003d28    00000048                          : PINCC26XX.oem4f (.text:PIN_setOutputEnable)
                  00003d70    00000048                          : PowerCC26X2_calibrateRCOSC.oem4f (.text:PowerCC26X2_RCOSC_clockFunc)
                  00003db8    00000048     rtsv7M4_T_le_v4SPD16_eabi.lib : fd_toi_t2.asm.obj (.text)
                  00003e00    00000048     drivers_cc13x2.aem4f : UARTCC26XX.oem4f (.text:writeFinishedDoCallback)
                  00003e48    00000046     display.aem4f : DisplayUart.oem4f (.text:DisplayUartMin_vprintf)
                  00003e8e    00000046     drivers_cc13x2.aem4f : RingBuf.oem4f (.text:RingBuf_put)
                  00003ed4    00000044                          : I2C.oem4f (.text:I2C_init)
                  00003f18    00000044     driverlib.lib : chipinfo.obj (.text:NOROM_ChipInfo_GetHwRevision)
                  00003f5c    00000044     drivers_cc13x2.aem4f : PINCC26XX.oem4f (.text:PIN_swi)
                  00003fa0    00000044                          : UART.oem4f (.text:UART_init)
                  00003fe4    00000044     rtsv7M4_T_le_v4SPD16_eabi.lib : fd_tou_t2.asm.obj (.text)
                  00004028    00000040     drivers_cc13x2.aem4f : I2C.oem4f (.text:I2C_open)
                  00004068    00000040                          : RingBuf.oem4f (.text:RingBuf_get)
                  000040a8    00000040                          : UART.oem4f (.text:UART_open)
                  000040e8    00000040     rtsv7M4_T_le_v4SPD16_eabi.lib : u_divt2.asm.obj (.text)
                  00004128    00000040     rom_sysbios.aem4f : rom_sysbios.obj (.text:ti_sysbios_family_arm_cc26xx_Timer_setThreshold__I)
                  00004168    0000003e     dpl_cc13x2.aem4f : HwiP_tirtos.oem4f (.text:HwiP_construct)
                  000041a6    00000002     rtsv7M4_T_le_v4SPD16_eabi.lib : div0.asm.obj (.text)
                  000041a8    0000003c     drivers_cc13x2.aem4f : PINCC26XX.oem4f (.text:PIN_setInterrupt)
                  000041e4    0000003c                          : PINCC26XX.oem4f (.text:PIN_setOutputValue)
                  00004220    0000003c     dpl_cc13x2.aem4f : SwiP_tirtos.oem4f (.text:SwiP_construct)
                  0000425c    0000003c     rom_sysbios.aem4f : rom_sysbios.obj (.text:sleep)
                  00004298    0000003c                       : rom_sysbios.obj (.text:ti_sysbios_family_arm_m3_Hwi_construct2__E)
                  000042d4    00000038     driverlib.lib : osc.obj (.text:NOROM_OSC_HPOSCRelativeFrequencyOffsetGet)
                  0000430c    00000038     drivers_cc13x2.aem4f : PINCC26XX.oem4f (.text:PIN_setConfig)
                  00004344    00000038                          : PowerCC26X2.oem4f (.text:notify)
                  0000437c    00000038                          : UARTCC26XX.oem4f (.text:readData)
                  000043b4    00000038     rtsv7M4_T_le_v4SPD16_eabi.lib : fs_tod_t2.asm.obj (.text)
                  000043ec    00000038     drivers_cc13x2.aem4f : UARTCC26XX.oem4f (.text:writeData)
                  00004424    00000036     rom_sysbios.aem4f : rom_sysbios.obj (.text:ti_sysbios_family_arm_cc26xx_Timer_setNextTick__E)
                  0000445a    00000002     release_pem4f.oem4f (.text:ti_sysbios_BIOS_nullFunc__I)
                  0000445c    00000034     driverlib.lib : aux_sysif.obj (.text:NOROM_AUXSYSIFOpModeChange)
                  00004490    00000034                   : sys_ctrl.obj (.text:NOROM_SysCtrlIdle)
                  000044c4    00000034     drivers_cc13x2.aem4f : UARTCC26XX.oem4f (.text:readData2RingBuf)
                  000044f8    00000030                          : GPIOCC26XX.oem4f (.text:GPIO_hwiIntFxn)
                  00004528    00000030                          : GPIOCC26XX.oem4f (.text:GPIO_setCallback)
                  00004558    00000030     sail.lib : opt3001.obj (.text:OPT3001_enableInterrupt)
                  00004588    00000030     drivers_cc13x2.aem4f : PINCC26XX.oem4f (.text:PINCC26XX_setMux)
                  000045b8    00000030                          : PowerCC26X2.oem4f (.text:Power_releaseConstraint)
                  000045e8    00000030                          : PowerCC26X2.oem4f (.text:Power_setConstraint)
                  00004618    00000030     release_pem4f.oem4f (.text:ti_sysbios_BIOS_atExitFunc__I)
                  00004648    00000030     release_pem4f.oem4f (.text:ti_sysbios_BIOS_startFunc__I)
                  00004678    00000030     rom_sysbios.aem4f : rom_sysbios.obj (.text:ti_sysbios_family_arm_cc26xx_Timer_getCurrentTick__E)
                  000046a8    00000030                       : rom_sysbios.obj (.text:ti_sysbios_family_arm_cc26xx_Timer_initDevice__I)
                  000046d8    0000002e     rtsv7M4_T_le_v4SPD16_eabi.lib : i_tofd_t2.asm.obj (.text)
                  00004706    0000002c     dpl_cc13x2.aem4f : SemaphoreP_tirtos.oem4f (.text:SemaphoreP_constructBinary)
                  00004732    00000002     rom_sysbios.aem4f : rom_sysbios.obj (.text:xdc_runtime_SysCallback_defaultAbort)
                  00004734    0000002c     dpl_cc13x2.aem4f : SemaphoreP_tirtos.oem4f (.text:SemaphoreP_createBinary)
                  00004760    0000002c     rom_sysbios.aem4f : rom_sysbios.obj (.text:_pthread_delete$45)
                  0000478c    0000002c                       : rom_sysbios.obj (.text:pthread_setcancelstate)
                  000047b8    0000002c                       : rom_sysbios.obj (.text:ti_sysbios_knl_Clock_getTicksUntilInterrupt__E)
                  000047e4    0000002a     display.aem4f : Display.oem4f (.text:Display_doPrintf)
                  0000480e    00000002     rom_sysbios.aem4f : rom_sysbios.obj (.text:xdc_runtime_SysCallback_defaultExit)
                  00004810    00000028     driverlib.lib : osc.obj (.text:NOROM_OSCHF_TurnOnXosc)
                  00004838    00000028     sail.lib : opt3001.obj (.text:OPT3001_getLux)
                  00004860    00000028     drivers_cc13x2.aem4f : PowerCC26X2.oem4f (.text:Power_registerNotify)
                  00004888    00000028                          : PowerCC26X2.oem4f (.text:oscillatorISR)
                  000048b0    00000026                          : List.oem4f (.text:List_put)
                  000048d6    00000026                          : List.oem4f (.text:List_remove)
                  000048fc    00000026     sail.lib : opt3001.obj (.text:i2cTransferFxn)
                  00004922    00000002     rom_sysbios.aem4f : rom_sysbios.obj (.text:xdc_runtime_SysCallback_defaultFlush)
                  00004924    00000024                       : rom_sysbios.obj (.text:_pthread_cleanupFxn)
                  00004948    00000024     drivers_cc13x2.aem4f : PowerCC26X2_calibrateRCOSC.oem4f (.text:getTdcSemaphore)
                  0000496c    00000024     rom_sysbios.aem4f : rom_sysbios.obj (.text:pthread_attr_init)
                  00004990    00000024                       : rom_sysbios.obj (.text:sem_init)
                  000049b4    00000024     release_pem4f.oem4f (.text:ti_sysbios_BIOS_registerRTSLock__I)
                  000049d8    00000024     release_pem4f.oem4f (.text:ti_sysbios_BIOS_removeRTSLock__I)
                  000049fc    00000024     rom_sysbios.aem4f : rom_sysbios.obj (.text:ti_sysbios_family_arm_cc26xx_Timer_getMaxTicks__E)
                  00004a20    00000020     drivers_cc13x2.aem4f : PINCC26XX.oem4f (.text:PINCC26XX_setIoCfgMux)
                  00004a40    00000020                          : PowerCC26X2.oem4f (.text:Power_unregisterNotify)
                  00004a60    00000020                          : UARTCC26XX.oem4f (.text:threadSafeStdbyDisRelease)
                  00004a80    00000020                          : UARTCC26XX.oem4f (.text:threadSafeStdbyDisSet)
                  00004aa0    00000020     release_pem4f.oem4f (.text:ti_sysbios_BIOS_rtsLock__I)
                  00004ac0    00000020     rom_sysbios.aem4f : rom_sysbios.obj (.text:ti_sysbios_family_arm_cc26xx_Timer_dynamicStub__E)
                  00004ae0    00000020                       : rom_sysbios.obj (.text:xdc_runtime_Error_policyMin__E)
                  00004b00    0000001e     drivers_cc13x2.aem4f : PINCC26XX.oem4f (.text:PIN_close)
                  00004b1e    0000001e                          : PowerCC26X2.oem4f (.text:Power_getTransitionLatency)
                  00004b3c    0000001c     ti_drivers_config.obj (.text:Board_init)
                  00004b58    0000001c     driverlib.lib : chipinfo.obj (.text:NOROM_ChipInfo_GetChipFamily)
                  00004b74    0000001c     drivers_cc13x2.aem4f : PINCC26XX.oem4f (.text:PIN_hwi)
                  00004b90    0000001c     dpl_cc13x2.aem4f : PowerCC26X2_tirtos.oem4f (.text:PowerCC26XX_schedulerDisable)
                  00004bac    0000001c                      : PowerCC26X2_tirtos.oem4f (.text:PowerCC26XX_schedulerRestore)
                  00004bc8    0000001c     rom_sysbios.aem4f : rom_sysbios.obj (.text:ti_sysbios_knl_Swi_construct2__E)
                  00004be4    0000001c     release_pem4f.oem4f (.text:xdc_runtime_Startup_exec__I)
                  00004c00    0000001a     drivers_cc13x2.aem4f : PowerCC26X2.oem4f (.text:PowerCC26XX_calibrate)
                  00004c1a    00000018                          : I2C.oem4f (.text:I2C_transfer)
                  00004c32    00000002     rom_sysbios.aem4f : rom_sysbios.obj (.text:xdc_runtime_SysCallback_defaultPutch)
                  00004c34    00000018     driverlib.lib : chipinfo.obj (.text:NOROM_ChipInfo_GetPackageType)
                  00004c4c    00000018     drivers_cc13x2.aem4f : PowerCC26X2.oem4f (.text:Power_idleFunc)
                  00004c64    00000018                          : UART.oem4f (.text:UART_Params_init)
                  00004c7c    00000018     rtsv7M4_T_le_v4SPD16_eabi.lib : args_main.c.obj (.text:_args_main)
                  00004c94    00000018                                   : ll_mul_t2.asm.obj (.text)
                  00004cac    00000018     release_pem4f.oem4f (.text:ti_sysbios_BIOS_rtsUnlock__I)
                  00004cc4    00000018     rom_sysbios.aem4f : rom_sysbios.obj (.text:ti_sysbios_knl_Swi_or__E)
                  00004cdc    00000018                       : rom_sysbios.obj (.text:ti_sysbios_rts_ti_ReentSupport_getReent__F)
                  00004cf4    00000018                       : rom_sysbios.obj (.text:xdc_runtime_Error_init__E)
                  00004d0c    00000016     display.aem4f : DisplayUart.oem4f (.text:DisplayUartMin_close)
                  00004d22    00000016     driverlib.lib : chipinfo.obj (.text:NOROM_ThisLibraryIsFor_CC13x2_CC26x2_HwRev20AndLater_HaltIfViolated)
                  00004d38    00000016     rom_sysbios.aem4f : rom_sysbios.obj (.text:_pthread_cleanup_pop)
                  00004d4e    00000016     release_pem4f.oem4f (.text:ti_sysbios_BIOS_exitFunc__I)
                  00004d64    00000014     sail.lib : opt3001.obj (.text:OPT3001_Params_init)
                  00004d78    00000014     drivers_cc13x2.aem4f : PowerCC26X2_calibrateRCOSC.oem4f (.text:PowerCC26X2_calibrate)
                  00004d8c    00000014     i2copt3001.obj (.text:opt3001Callback)
                  00004da0    00000014     rom_sysbios.aem4f : rom_sysbios.obj (.text:pthread_attr_setschedparam)
                  00004db4    00000014     drivers_cc13x2.aem4f : PowerCC26X2.oem4f (.text:switchToTCXO)
                  00004dc8    00000014     rom_sysbios.aem4f : rom_sysbios.obj (.text:ti_sysbios_family_arm_cc26xx_Timer_getCount64__E)
                  00004ddc    00000014     release_pem4f.oem4f (.text:ti_sysbios_knl_Clock_doTick__I)
                  00004df0    00000012     drivers_cc13x2.aem4f : RingBuf.oem4f (.text:RingBuf_construct)
                  00004e02    00000012     dpl_cc13x2.aem4f : SemaphoreP_tirtos.oem4f (.text:SemaphoreP_pend)
                  00004e14    00000012     rom_sysbios.aem4f : rom_sysbios.obj (.text:_pthread_runStub$45)
                  00004e26    00000010     dpl_cc13x2.aem4f : HwiP_tirtos.oem4f (.text:HwiP_Params_init)
                  00004e36    00000002     --HOLE-- [fill = 0]
                  00004e38    00000010     drivers_cc13x2.aem4f : I2C.oem4f (.text:I2C_Params_init)
                  00004e48    00000010                          : PINCC26XX.oem4f (.text:PINCC26XX_getPinCount)
                  00004e58    00000010     dpl_cc13x2.aem4f : SwiP_tirtos.oem4f (.text:SwiP_Params_init)
                  00004e68    00000010     drivers_cc13x2.aem4f : I2CCC26XX.oem4f (.text:i2cPostNotify)
                  00004e78    00000010                          : UARTCC26XX.oem4f (.text:uartPostNotify)
                  00004e88    0000000e     rtsv7M4_T_le_v4SPD16_eabi.lib : copy_decompress_none.c.obj (.text:decompress:none:__TI_decompress_none)
                  00004e96    0000000e     rom_sysbios.aem4f : rom_sysbios.obj (.text:pthread_attr_setdetachstate)
                  00004ea4    0000000e                       : rom_sysbios.obj (.text:sem_wait)
                  00004eb2    0000000e                       : rom_sysbios.obj (.text:ti_sysbios_family_arm_cc26xx_TimestampProvider_get32__E)
                  00004ec0    0000000c     driverlib.lib : cpu.obj (.text:NOROM_CPUcpsid)
                  00004ecc    0000000c                   : cpu.obj (.text:NOROM_CPUcpsie)
                  00004ed8    0000000c     drivers_cc13x2.aem4f : PINCC26XX.oem4f (.text:PIN_registerIntCb)
                  00004ee4    0000000c                          : PowerCC26X2.oem4f (.text:Power_getConstraintMask)
                  00004ef0    0000000c                          : PowerCC26X2.oem4f (.text:Power_getDependencyCount)
                  00004efc    0000000c     dpl_cc13x2.aem4f : SemaphoreP_tirtos.oem4f (.text:SemaphoreP_delete)
                  00004f08    0000000c     rtsv7M4_T_le_v4SPD16_eabi.lib : _lock.c.obj (.text:_register_lock)
                  00004f14    0000000c                                   : _lock.c.obj (.text:_register_unlock)
                  00004f20    0000000c                                   : copy_zero_init.c.obj (.text:decompress:ZI:__TI_zero_init)
                  00004f2c    0000000c     rom_sysbios.aem4f : rom_sysbios.obj (.text:pthread_self)
                  00004f38    0000000c                       : rom_sysbios.obj (.text:ti_sysbios_knl_Queue_insert__E)
                  00004f44    0000000c                       : rom_sysbios.obj (.text:ti_sysbios_knl_Swi_getTrigger__E)
                  00004f50    0000000a     dpl_cc13x2.aem4f : ClockP_tirtos.oem4f (.text:ClockP_Params_init)
                  00004f5a    0000000a     drivers_cc13x2.aem4f : I2CCC26XX.oem4f (.text:I2CCC26XX_init)
                  00004f64    0000000a                          : UART.oem4f (.text:UART_close)
                  00004f6e    0000000a                          : UART.oem4f (.text:UART_control)
                  00004f78    0000000a                          : UART.oem4f (.text:UART_write)
                  00004f82    0000000a     rom_sysbios.aem4f : rom_sysbios.obj (.text:sem_post)
                  00004f8c    0000000a     release_pem4f.oem4f (.text:ti_sysbios_rts_ti_ReentSupport_getTlsAddr__I)
                  00004f96    00000008     drivers_cc13x2.aem4f : I2CCC26XX.oem4f (.text:I2CCC26XX_blockingCallback)
                  00004f9e    00000008                          : UARTCC26XX.oem4f (.text:UARTCC26XX_init)
                  00004fa6    00000008                          : UARTCC26XX.oem4f (.text:readSemCallback)
                  00004fae    00000008                          : UARTCC26XX.oem4f (.text:writeSemCallback)
                  00004fb6    00000008     release_pem4f.oem4f (.text:xdc_runtime_Text_visitRope__I)
                  00004fbe    00000006     display.aem4f : DisplayUart.oem4f (.text:DisplayUartMin_control)
                  00004fc4    00000006                   : DisplayUart.oem4f (.text:DisplayUartMin_getType)
                  00004fca    00000006     drivers_cc13x2.aem4f : I2CCC26XX.oem4f (.text:I2CCC26XX_control)
                  00004fd0    00000006     driverlib.lib : cpu.obj (.text:NOROM_CPUdelay)
                  00004fd6    00000006     drivers_cc13x2.aem4f : UARTCC26XX.oem4f (.text:UARTCC26XX_readPolling)
                  00004fdc    00000006                          : UARTCC26XX.oem4f (.text:UARTCC26XX_writePolling)
                  00004fe2    00000006     rom_sysbios.aem4f : rom_sysbios.obj (.text:pthread_attr_setstacksize)
                  00004fe8    00000004     dpl_cc13x2.aem4f : PowerCC26X2_tirtos.oem4f (.text:CPUwfi)
                  00004fec    00000004                      : ClockP_tirtos.oem4f (.text:ClockP_destruct)
                  00004ff0    00000004                      : ClockP_tirtos.oem4f (.text:ClockP_getCpuFreq)
                  00004ff4    00000004                      : ClockP_tirtos.oem4f (.text:ClockP_setTimeout)
                  00004ff8    00000004                      : ClockP_tirtos.oem4f (.text:ClockP_start)
                  00004ffc    00000004                      : ClockP_tirtos.oem4f (.text:ClockP_stop)
                  00005000    00000004                      : HwiP_tirtos.oem4f (.text:HwiP_destruct)
                  00005004    00000004                      : HwiP_tirtos.oem4f (.text:HwiP_disable)
                  00005008    00000004                      : HwiP_tirtos.oem4f (.text:HwiP_disableInterrupt)
                  0000500c    00000004                      : HwiP_tirtos.oem4f (.text:HwiP_enableInterrupt)
                  00005010    00000004                      : SemaphoreP_tirtos.oem4f (.text:SemaphoreP_destruct)
                  00005014    00000004                      : SemaphoreP_tirtos.oem4f (.text:SemaphoreP_post)
                  00005018    00000004                      : SwiP_tirtos.oem4f (.text:SwiP_destruct)
                  0000501c    00000004                      : SwiP_tirtos.oem4f (.text:SwiP_disable)
                  00005020    00000004                      : SwiP_tirtos.oem4f (.text:SwiP_getTrigger)
                  00005024    00000004                      : SwiP_tirtos.oem4f (.text:SwiP_or)
                  00005028    00000004                      : SwiP_tirtos.oem4f (.text:SwiP_post)
                  0000502c    00000004                      : SystemP_tirtos.oem4f (.text:SystemP_vsnprintf)
                  00005030    00000004     rom_sysbios.aem4f : rom_sysbios.obj (.text:__aeabi_errno_addr)
                  00005034    00000004     drivers_cc13x2.aem4f : PowerCC26X2.oem4f (.text:configureRFCoreClocks)
                  00005038    00000004                          : PowerCC26X2.oem4f (.text:nopResourceHandler)
                  0000503c    00000004     rom_sysbios.aem4f : rom_sysbios.obj (.text:pthread_attr_destroy)
                  00005040    00000004                       : rom_sysbios.obj (.text:ti_sysbios_knl_Task_getArg1__E)
                  00005044    00000004                       : rom_sysbios.obj (.text:ti_sysbios_knl_Task_getEnv__E)
                  00005048    00000004     release_pem4f.oem4f (.text:xdc_runtime_Startup_reset__I)
                  0000504c    00000004     rom_sysbios.aem4f : rom_sysbios.obj (.text:xdc_runtime_SysCallback_defaultReady)
                  00005050    00000008     (.tramp.xdc_runtime_System_vsnprintf__E.1)
                  00005058    00000008     (.tramp.ti_sysbios_knl_Swi_destruct.1)
                  00005060    00000008     (.tramp.ti_sysbios_family_arm_m3_Hwi_enableInterrupt__E.1)
                  00005068    00000008     (.tramp.ti_sysbios_family_arm_m3_Hwi_disableInterrupt__E.1)
                  00005070    00000008     (.tramp.ti_sysbios_family_arm_m3_Hwi_disableFxn__E.1)
                  00005078    00000008     (.tramp.ti_sysbios_family_arm_m3_Hwi_destruct.1)
                  00005080    00000008     (.tramp.ti_sysbios_BIOS_getCpuFreq__E.1)
                  00005088    00000008     (.tramp.ti_sysbios_knl_Clock_destruct.1)
                  00005090    00000008     (.tramp.ti_sysbios_knl_Task_self__E.1)
                  00005098    00000008     (.tramp.ti_sysbios_knl_Semaphore_delete.1)
                  000050a0    00000008     (.tramp.ti_sysbios_knl_Clock_logTick__E.1)
                  000050a8    00000008     (.tramp.ti_sysbios_BIOS_getThreadType__E.1)
                  000050b0    00000008     (.tramp.ti_sysbios_knl_Swi_post__E.1)
                  000050b8    00000008     (.tramp.ti_sysbios_BIOS_RtsGateProxy_leave__E.1)
                  000050c0    00000008     (.tramp.ti_sysbios_knl_Swi_construct.1)
                  000050c8    00000008     (.tramp.ti_sysbios_BIOS_RtsGateProxy_enter__E.1)
                  000050d0    00000008     (.tramp.ti_sysbios_knl_Clock_TimerProxy_getCurrentTick__E.1)
                  000050d8    00000008     (.tramp.ti_sysbios_knl_Task_delete.1)
                  000050e0    00000008     (.tramp.ti_sysbios_knl_Semaphore_destruct.1)
                  000050e8    00000008     (.tramp.ti_sysbios_knl_Semaphore_create.1)
                  000050f0    00000008     (.tramp.ti_sysbios_knl_Task_startup__E.1)
                  000050f8    00000008     (.tramp.ti_sysbios_knl_Swi_startup__E.1)
                  00005100    00000008     (.tramp.ti_sysbios_hal_Hwi_startup__E.1)
                  00005108    00000008     (.tramp.ti_sysbios_family_arm_cc26xx_Timer_startup__E.1)
                  00005110    00000008     (.tramp.xdc_runtime_System_atexit__E.1)
                  00005118    00000008     (.tramp.ti_sysbios_BIOS_linkedWithIncorrectBootLibrary__E.1)
                  00005120    00000008     (.tramp.xdc_runtime_Startup_rtsDone__E.1)
                  00005128    00000008     (.tramp.ti_sysbios_knl_Swi_disable__E.1)
                  00005130    00000008     (.tramp.ti_sysbios_family_arm_m3_Hwi_construct.1)
                  00005138    00000008     (.tramp.ti_sysbios_knl_Task_sleep__E.1)
                  00005140    00000008     (.tramp.ti_sysbios_knl_Swi_Params__init__S.1)
                  00005148    00000008     (.tramp.ti_sysbios_family_arm_m3_Hwi_Params__init__S.1)
                  00005150    00000008     (.tramp.strlen.1)
                  00005158    00000008     (.tramp.ti_sysbios_knl_Clock_construct.1)
                  00005160    00000008     (.tramp.ti_sysbios_knl_Clock_Params__init__S.1)
                  00005168    00000008     (.tramp.xdc_runtime_System_exit__E.1)
                  00005170    00000008     (.tramp.ti_sysbios_heaps_HeapMem_restore__E.1)
                  00005178    00000008     (.tramp.ti_sysbios_heaps_HeapMem_Object__get__S.1)
                  00005180    00000008     (.tramp.ti_sysbios_BIOS_start__E.1)
                  00005188    00000008     (.tramp.xdc_runtime_Error_raiseX__E.1)
                  00005190    00000008     (.tramp.ti_sysbios_BIOS_setThreadType__E.1)
                  00005198    00000008     (.tramp.ti_sysbios_family_arm_m3_Hwi_excFillContext__I.1)
                  000051a0    00000008     (.tramp.ti_sysbios_knl_Semaphore_post__E.1)
                  000051a8    00000008     (.tramp.xdc_runtime_Memory_free__E.1)
                  000051b0    00000008     (.tramp.ti_sysbios_knl_Queue_next__E.1)
                  000051b8    00000008     (.tramp.ti_sysbios_knl_Queue_head__E.1)
                  000051c0    00000008     (.tramp.ti_sysbios_knl_Semaphore_pend__E.1)
                  000051c8    00000008     (.tramp.ti_sysbios_knl_Task_restore__E.1)
                  000051d0    00000008     (.tramp.ti_sysbios_knl_Queue_enqueue__E.1)
                  000051d8    00000008     (.tramp.ti_sysbios_knl_Queue_empty__E.1)
                  000051e0    00000008     (.tramp.ti_sysbios_knl_Queue_remove__E.1)
                  000051e8    00000008     (.tramp.ti_sysbios_knl_Task_disable__E.1)
                  000051f0    00000008     (.tramp.ti_sysbios_knl_Clock_stop__E.1)
                  000051f8    00000008     (.tramp.ti_sysbios_knl_Clock_start__E.1)
                  00005200    00000008     (.tramp.ti_sysbios_knl_Clock_setTimeout__E.1)
                  00005208    00000008     (.tramp.ti_sysbios_knl_Task_create.1)
                  00005210    00000008     (.tramp.ti_sysbios_knl_Semaphore_construct.1)
                  00005218    00000008     (.tramp.ti_sysbios_knl_Semaphore_Params__init__S.1)
                  00005220    00000008     (.tramp.ti_sysbios_knl_Queue_construct.1)
                  00005228    00000008     (.tramp.xdc_runtime_Memory_alloc__E.1)
                  00005230    00000008     (.tramp.ti_sysbios_knl_Task_Params__init__S.1)
                  00005238    00000008     (.tramp.ti_sysbios_family_arm_m3_Hwi_restoreFxn__E.1)
                  00005240    00000008     (.tramp.xdc_runtime_System_doPrint__I.1)
                  00005248    00000008     (.tramp.ti_sysbios_knl_Swi_restore__E.1)

.const     0    00005250    0000071b     
                  00005250    000003b8     release_pem4f.oem4f (.const:ROM_constStruct)
                  00005608    00000054     drivers_cc13x2.aem4f : PowerCC26X2.oem4f (.const:resourceDB)
                  0000565c    00000048     release_pem4f.oem4f (.const:.string)
                  000056a4    00000048     release_pem4f.oem4f (.const:ROM_externFuncPtrs)
                  000056ec    00000028     drivers_cc13x2.aem4f : UARTCC26XX.oem4f (.const:UARTCC26XX_fxnTable)
                  00005714    00000028     ti_drivers_config.obj (.const:uartCC26XXHWAttrs)
                  0000573c    00000024     drivers_cc13x2.aem4f : UART.oem4f (.const:UART_defaultParams)
                  00005760    00000024     release_pem4f.oem4f (.const:xdc_runtime_Startup_sfxnTab__A)
                  00005784    00000020     display.aem4f : DisplayUart.oem4f (.const:DisplayUartMin_fxnTable)
                  000057a4    0000001c     ti_drivers_config.obj (.const:BoardGpioInitTable)
                  000057c0    00000018     drivers_cc13x2.aem4f : I2CCC26XX.oem4f (.const:I2CCC26XX_fxnTable)
                  000057d8    00000018     ti_drivers_config.obj (.const:i2cCC26xxHWAttrs)
                  000057f0    00000018     drivers_cc13x2.aem4f : GPIOCC26XX.oem4f (.const:interruptType)
                  00005808    00000014     ti_drivers_config.obj (.const:GPIOCC26XX_config)
                  0000581c    00000014     ti_drivers_config.obj (.const:PowerCC26X2_config)
                  00005830    00000014     ti_drivers_config.obj (.const:displayUartHWAttrs)
                  00005844    00000014     drivers_cc13x2.aem4f : UARTCC26XX.oem4f (.const:parityType)
                  00005858    00000012     release_pem4f.oem4f (.const:xdc_runtime_Startup_sfxnRts__A)
                  0000586a    00000001     display.aem4f : Display.oem4f (.const:Display_defaultParams)
                  0000586b    00000001     release_pem4f.oem4f (.const:xdc_runtime_Text_charTab__A)
                  0000586c    00000010     drivers_cc13x2.aem4f : I2C.oem4f (.const:I2C_defaultParams)
                  0000587c    00000010     i2copt3001.obj (.const:OPT3001_config)
                  0000588c    00000010     sail.lib : opt3001.obj (.const:OPT3001_defaultParams)
                  0000589c    00000010     drivers_cc13x2.aem4f : UARTCC26XX.oem4f (.const:dataLength)
                  000058ac    00000010                          : GPIOCC26XX.oem4f (.const:outPinTypes)
                  000058bc    0000000c     ti_drivers_config.obj (.const:Display_config)
                  000058c8    0000000c     ti_drivers_config.obj (.const:I2C_config)
                  000058d4    0000000c     ti_drivers_config.obj (.const:UART_config)
                  000058e0    0000000c     drivers_cc13x2.aem4f : GPIOCC26XX.oem4f (.const:inPinTypes)
                  000058ec    0000000c                          : GPIOCC26XX.oem4f (.const:outPinStrengths)
                  000058f8    0000000c     release_pem4f.oem4f (.const:xdc_runtime_Startup_firstFxns__A)
                  00005904    00000008     driverlib.lib : aux_sysif.obj (.const:$O1$$)
                  0000590c    00000008     i2copt3001.obj (.const:OPT3001_hwAttrs)
                  00005914    00000008     ti_drivers_config.obj (.const:PINCC26XX_hwAttrs)
                  0000591c    00000008     drivers_cc13x2.aem4f : I2CCC26XX.oem4f (.const:bitRate)
                  00005924    00000008                          : UARTCC26XX.oem4f (.const:stopBits)
                  0000592c    00000008     release_pem4f.oem4f (.const:ti_sysbios_family_arm_m3_Hwi_excHookFuncs__A)
                  00005934    00000008     release_pem4f.oem4f (.const:ti_sysbios_knl_Idle_funcList__A)
                  0000593c    00000006     drivers_cc13x2.aem4f : UARTCC26XX.oem4f (.const:.string:rxFifoBytes)
                  00005942    00000006                          : UARTCC26XX.oem4f (.const:.string:rxFifoThreshold)
                  00005948    00000006                          : UARTCC26XX.oem4f (.const:.string:txFifoBytes)
                  0000594e    00000006                          : UARTCC26XX.oem4f (.const:.string:txFifoThreshold)
                  00005954    00000004     release_pem4f.oem4f (.const:ti_sysbios_family_arm_m3_Hwi_E_exception__C)
                  00005958    00000004     release_pem4f.oem4f (.const:ti_sysbios_heaps_HeapMem_primaryHeapBaseAddr__C)
                  0000595c    00000004     release_pem4f.oem4f (.const:ti_sysbios_heaps_HeapMem_primaryHeapEndAddr__C)
                  00005960    00000004     release_pem4f.oem4f (.const:ti_sysbios_knl_Clock_tickPeriod__C)
                  00005964    00000004     release_pem4f.oem4f (.const:ti_sysbios_knl_Task_Object__heap__C)
                  00005968    00000003     ti_drivers_config.obj (.const)

MODULE SUMMARY

       Module                             code    ro data   rw data
       ------                             ----    -------   -------
    ./
       i2copt3001.obj                     1068    24        70     
       main_tirtos.obj                    112     0         0      
    +--+----------------------------------+-------+---------+---------+
       Total:                             1180    24        70     
                                                                   
    ./syscfg/
       ti_drivers_config.obj              30      199       1608   
       ti_devices_config.obj              0       88        0      
    +--+----------------------------------+-------+---------+---------+
       Total:                             30      287       1608   
                                                                   
    /Users/mdannyk/Desktop/mm/t01/tirtos_builds_CC1352R1_LAUNCHXL_release_ccs/Debug/configPkg/package/cfg/
       release_pem4f.oem4f                802     1259      1830   
    +--+----------------------------------+-------+---------+---------+
       Total:                             802     1259      1830   
                                                                   
    /Users/mdannyk/Desktop/mm/t01/tirtos_builds_CC1352R1_LAUNCHXL_release_ccs/src/sysbios/rom_sysbios.aem4f
       rom_sysbios.obj                    2057    0         136    
    +--+----------------------------------+-------+---------+---------+
       Total:                             2057    0         136    
                                                                   
    /Volumes/Storage/shared/mdannyk/ti/ccs/tools/compiler/ti-cgt-arm_20.2.1.LTS/lib/rtsv7M4_T_le_v4SPD16_eabi.lib
       fd_add_t2.asm.obj                  438     0         0      
       fd_cmp_t2.asm.obj                  268     0         0      
       fd_mul_t2.asm.obj                  252     0         0      
       memcpy_t2.asm.obj                  156     0         0      
       ull_div_t2.asm.obj                 150     0         0      
       memset_t2.asm.obj                  122     0         0      
       copy_decompress_lzss.c.obj         104     0         0      
       cpy_tbl.c.obj                      76      0         0      
       fd_toi_t2.asm.obj                  72      0         0      
       fd_tou_t2.asm.obj                  68      0         0      
       u_divt2.asm.obj                    64      0         0      
       fs_tod_t2.asm.obj                  56      0         0      
       i_tofd_t2.asm.obj                  46      0         0      
       _lock.c.obj                        26      0         8      
       args_main.c.obj                    24      0         0      
       ll_mul_t2.asm.obj                  24      0         0      
       copy_decompress_none.c.obj         14      0         0      
       copy_zero_init.c.obj               12      0         0      
       stkdepth_vars.c.obj                0       0         4      
       div0.asm.obj                       2       0         0      
    +--+----------------------------------+-------+---------+---------+
       Total:                             1974    0         12     
                                                                   
    /Volumes/Storage/shared/mdannyk/ti/sail_1_50_00_00/source/ti/sail/lib/ccs/cc1352r1/sail.lib
       opt3001.obj                        1248    16        1      
    +--+----------------------------------+-------+---------+---------+
       Total:                             1248    16        1      
                                                                   
    /Volumes/Storage/shared/mdannyk/ti/simplelink_cc13x2_26x2_sdk_3_30_00_03/kernel/tirtos/packages/ti/dpl/lib/dpl_cc13x2.aem4f
       PowerCC26X2_tirtos.oem4f           240     0         8      
       SemaphoreP_tirtos.oem4f            126     0         0      
       ClockP_tirtos.oem4f                110     0         4      
       SwiP_tirtos.oem4f                  96      0         0      
       HwiP_tirtos.oem4f                  94      0         0      
       SystemP_tirtos.oem4f               4       0         0      
    +--+----------------------------------+-------+---------+---------+
       Total:                             670     0         12     
                                                                   
    /Volumes/Storage/shared/mdannyk/ti/simplelink_cc13x2_26x2_sdk_3_30_00_03/kernel/tirtos/packages/ti/targets/arm/rtsarm/lib/auto_init.aem4f
       auto_init.oem4f                    160     0         0      
    +--+----------------------------------+-------+---------+---------+
       Total:                             160     0         0      
                                                                   
    /Volumes/Storage/shared/mdannyk/ti/simplelink_cc13x2_26x2_sdk_3_30_00_03/kernel/tirtos/packages/ti/targets/arm/rtsarm/lib/boot.aem4f
       boot.oem4f                         88      0         0      
    +--+----------------------------------+-------+---------+---------+
       Total:                             88      0         0      
                                                                   
    /Volumes/Storage/shared/mdannyk/ti/simplelink_cc13x2_26x2_sdk_3_30_00_03/source/ti/devices/cc13x2_cc26x2/driverlib/bin/ccs/driverlib.lib
       sys_ctrl.obj                       408     0         0      
       osc.obj                            336     0         28     
       setup.obj                          324     0         0      
       chipinfo.obj                       226     0         0      
       aux_sysif.obj                      52      8         0      
       cpu.obj                            30      0         0      
       driverlib_release.obj              0       0         1      
    +--+----------------------------------+-------+---------+---------+
       Total:                             1376    8         29     
                                                                   
    /Volumes/Storage/shared/mdannyk/ti/simplelink_cc13x2_26x2_sdk_3_30_00_03/source/ti/display/lib/display.aem4f
       DisplayUart.oem4f                  184     32        0      
       Display.oem4f                      134     1         0      
    +--+----------------------------------+-------+---------+---------+
       Total:                             318     33        0      
                                                                   
    /Volumes/Storage/shared/mdannyk/ti/simplelink_cc13x2_26x2_sdk_3_30_00_03/source/ti/drivers/lib/drivers_cc13x2.aem4f
       UARTCC26XX.oem4f                   2742    108       0      
       PowerCC26X2.oem4f                  2082    84        272    
       PINCC26XX.oem4f                    1558    0         276    
       I2CCC26XX.oem4f                    1486    32        0      
       PowerCC26X2_calibrateRCOSC.oem4f   1400    0         0      
       GPIOCC26XX.oem4f                   740     64        61     
       UART.oem4f                         186     36        1      
       I2C.oem4f                          172     16        1      
       RingBuf.oem4f                      152     0         0      
       List.oem4f                         76      0         0      
    +--+----------------------------------+-------+---------+---------+
       Total:                             10594   340       611    
                                                                   
       Stack:                             0       0         1024   
       Linker Generated:                  512     470       0      
    +--+----------------------------------+-------+---------+---------+
       Grand Total:                       21009   2437      5333   


LINKER GENERATED COPY TABLES

__TI_cinit_table @ 00005b20 records: 5, size/record: 8, table size: 40
	.data: load addr=00005970, load size=00000182 bytes, run addr=20001bd0, run size=00000536 bytes, compression=lzss
	.bss: load addr=00005b00, load size=00000008 bytes, run addr=20001110, run size=00000abb bytes, compression=zero_init
	.data:xdcRomConstPtr: load addr=00005b08, load size=00000008 bytes, run addr=20000100, run size=00000004 bytes, compression=lzss
	.data:xdcRomExternFuncPtr: load addr=00005b10, load size=00000008 bytes, run addr=20000104, run size=00000004 bytes, compression=lzss
	.data:xdcRomStatePtr: load addr=00005b18, load size=00000008 bytes, run addr=20000108, run size=00000004 bytes, compression=lzss


LINKER GENERATED HANDLER TABLE

__TI_handler_table @ 00005af4 records: 3, size/record: 4, table size: 12
	index: 0, handler: __TI_decompress_lzss
	index: 1, handler: __TI_decompress_none
	index: 2, handler: __TI_zero_init


FAR CALL TRAMPOLINES

callee name               trampoline name
   callee addr  tramp addr   call addr  call info
--------------  -----------  ---------  ----------------
xdc_runtime_System_vsnprintf__E  $Tramp$TT$L$PI$$xdc_runtime_System_vsnprintf__E
   1002f8b9     00005050     0000502c   dpl_cc13x2.aem4f : SystemP_tirtos.oem4f (.text:SystemP_vsnprintf)
ti_sysbios_knl_Swi_destruct  $Tramp$TT$L$PI$$ti_sysbios_knl_Swi_destruct
   1002e8bd     00005058     00005018   dpl_cc13x2.aem4f : SwiP_tirtos.oem4f (.text:SwiP_destruct)
ti_sysbios_family_arm_m3_Hwi_enableInterrupt__E  $Tramp$TT$L$PI$$ti_sysbios_family_arm_m3_Hwi_enableInterrupt__E
   1002d91d     00005060     0000500c   dpl_cc13x2.aem4f : HwiP_tirtos.oem4f (.text:HwiP_enableInterrupt)
ti_sysbios_family_arm_m3_Hwi_disableInterrupt__E  $Tramp$TT$L$PI$$ti_sysbios_family_arm_m3_Hwi_disableInterrupt__E
   1002d8d9     00005068     00005008   dpl_cc13x2.aem4f : HwiP_tirtos.oem4f (.text:HwiP_disableInterrupt)
ti_sysbios_family_arm_m3_Hwi_disableFxn__E  $Tramp$TT$L$PI$$ti_sysbios_family_arm_m3_Hwi_disableFxn__E
   1002eb55     00005070     00005004   dpl_cc13x2.aem4f : HwiP_tirtos.oem4f (.text:HwiP_disable)
ti_sysbios_family_arm_m3_Hwi_destruct  $Tramp$TT$L$PI$$ti_sysbios_family_arm_m3_Hwi_destruct
   1002e475     00005078     00005000   dpl_cc13x2.aem4f : HwiP_tirtos.oem4f (.text:HwiP_destruct)
ti_sysbios_BIOS_getCpuFreq__E  $Tramp$TT$L$PI$$ti_sysbios_BIOS_getCpuFreq__E
   1002e9fd     00005080     00004ff0   dpl_cc13x2.aem4f : ClockP_tirtos.oem4f (.text:ClockP_getCpuFreq)
ti_sysbios_knl_Clock_destruct  $Tramp$TT$L$PI$$ti_sysbios_knl_Clock_destruct
   1002e649     00005088     00004fec   dpl_cc13x2.aem4f : ClockP_tirtos.oem4f (.text:ClockP_destruct)
ti_sysbios_knl_Task_self__E  $Tramp$TT$L$PI$$ti_sysbios_knl_Task_self__E
   1002eaf5     00005090     00004f2e   rom_sysbios.aem4f : rom_sysbios.obj (.text:pthread_self)
                             00004f8e   release_pem4f.oem4f (.text:ti_sysbios_rts_ti_ReentSupport_getTlsAddr__I)
ti_sysbios_knl_Semaphore_delete  $Tramp$TT$L$PI$$ti_sysbios_knl_Semaphore_delete
   1002ecdb     00005098     00004f02   dpl_cc13x2.aem4f : SemaphoreP_tirtos.oem4f (.text:SemaphoreP_delete)
ti_sysbios_knl_Clock_logTick__E  $Tramp$TT$L$PI$$ti_sysbios_knl_Clock_logTick__E
   1002dbd7     000050a0     00004dde   release_pem4f.oem4f (.text:ti_sysbios_knl_Clock_doTick__I)
ti_sysbios_BIOS_getThreadType__E  $Tramp$TT$L$PI$$ti_sysbios_BIOS_getThreadType__E
   1002ea95     000050a8     00004cde   rom_sysbios.aem4f : rom_sysbios.obj (.text:ti_sysbios_rts_ti_ReentSupport_getReent__F)
ti_sysbios_knl_Swi_post__E  $Tramp$TT$L$PI$$ti_sysbios_knl_Swi_post__E
   1002d891     000050b0     00004cd8   rom_sysbios.aem4f : rom_sysbios.obj (.text:ti_sysbios_knl_Swi_or__E)
                             00004de6   release_pem4f.oem4f (.text:ti_sysbios_knl_Clock_doTick__I)
                             00005028   dpl_cc13x2.aem4f : SwiP_tirtos.oem4f (.text:SwiP_post)
ti_sysbios_BIOS_RtsGateProxy_leave__E  $Tramp$TT$L$PI$$ti_sysbios_BIOS_RtsGateProxy_leave__E
   1002ec7b     000050b8     00004cba   release_pem4f.oem4f (.text:ti_sysbios_BIOS_rtsUnlock__I)
ti_sysbios_knl_Swi_construct  $Tramp$TT$L$PI$$ti_sysbios_knl_Swi_construct
   1002d719     000050c0     00004bce   rom_sysbios.aem4f : rom_sysbios.obj (.text:ti_sysbios_knl_Swi_construct2__E)
ti_sysbios_BIOS_RtsGateProxy_enter__E  $Tramp$TT$L$PI$$ti_sysbios_BIOS_RtsGateProxy_enter__E
   1002ec77     000050c8     00004aa6   release_pem4f.oem4f (.text:ti_sysbios_BIOS_rtsLock__I)
ti_sysbios_knl_Clock_TimerProxy_getCurrentTick__E  $Tramp$TT$L$PI$$ti_sysbios_knl_Clock_TimerProxy_getCurrentTick__E
   1002eac5     000050d0     000047ca   rom_sysbios.aem4f : rom_sysbios.obj (.text:ti_sysbios_knl_Clock_getTicksUntilInterrupt__E)
ti_sysbios_knl_Task_delete  $Tramp$TT$L$PI$$ti_sysbios_knl_Task_delete
   1002ece7     000050d8     00004774   rom_sysbios.aem4f : rom_sysbios.obj (.text:_pthread_delete$45)
ti_sysbios_knl_Semaphore_destruct  $Tramp$TT$L$PI$$ti_sysbios_knl_Semaphore_destruct
   1002e6fd     000050e0     00004768   rom_sysbios.aem4f : rom_sysbios.obj (.text:_pthread_delete$45)
                             00005010   dpl_cc13x2.aem4f : SemaphoreP_tirtos.oem4f (.text:SemaphoreP_destruct)
ti_sysbios_knl_Semaphore_create  $Tramp$TT$L$PI$$ti_sysbios_knl_Semaphore_create
   1002dc49     000050e8     00004754   dpl_cc13x2.aem4f : SemaphoreP_tirtos.oem4f (.text:SemaphoreP_createBinary)
ti_sysbios_knl_Task_startup__E  $Tramp$TT$L$PI$$ti_sysbios_knl_Task_startup__E
   1002eceb     000050f0     0000466c   release_pem4f.oem4f (.text:ti_sysbios_BIOS_startFunc__I)
ti_sysbios_knl_Swi_startup__E  $Tramp$TT$L$PI$$ti_sysbios_knl_Swi_startup__E
   1002ec6b     000050f8     00004668   release_pem4f.oem4f (.text:ti_sysbios_BIOS_startFunc__I)
ti_sysbios_hal_Hwi_startup__E  $Tramp$TT$L$PI$$ti_sysbios_hal_Hwi_startup__E
   1002ec31     00005100     00004664   release_pem4f.oem4f (.text:ti_sysbios_BIOS_startFunc__I)
ti_sysbios_family_arm_cc26xx_Timer_startup__E  $Tramp$TT$L$PI$$ti_sysbios_family_arm_cc26xx_Timer_startup__E
   1002dcf1     00005108     00004660   release_pem4f.oem4f (.text:ti_sysbios_BIOS_startFunc__I)
xdc_runtime_System_atexit__E  $Tramp$TT$L$PI$$xdc_runtime_System_atexit__E
   1002f559     00005110     00004658   release_pem4f.oem4f (.text:ti_sysbios_BIOS_startFunc__I)
ti_sysbios_BIOS_linkedWithIncorrectBootLibrary__E  $Tramp$TT$L$PI$$ti_sysbios_BIOS_linkedWithIncorrectBootLibrary__E
   1002d01b     00005118     00004652   release_pem4f.oem4f (.text:ti_sysbios_BIOS_startFunc__I)
xdc_runtime_Startup_rtsDone__E  $Tramp$TT$L$PI$$xdc_runtime_Startup_rtsDone__E
   1002f8e5     00005120     0000464a   release_pem4f.oem4f (.text:ti_sysbios_BIOS_startFunc__I)
ti_sysbios_knl_Swi_disable__E  $Tramp$TT$L$PI$$ti_sysbios_knl_Swi_disable__E
   1002ea25     00005128     0000461a   release_pem4f.oem4f (.text:ti_sysbios_BIOS_atExitFunc__I)
                             00004b9a   dpl_cc13x2.aem4f : PowerCC26X2_tirtos.oem4f (.text:PowerCC26XX_schedulerDisable)
                             0000501c                    : SwiP_tirtos.oem4f (.text:SwiP_disable)
ti_sysbios_family_arm_m3_Hwi_construct  $Tramp$TT$L$PI$$ti_sysbios_family_arm_m3_Hwi_construct
   1002d421     00005130     000042b2   rom_sysbios.aem4f : rom_sysbios.obj (.text:ti_sysbios_family_arm_m3_Hwi_construct2__E)
ti_sysbios_knl_Task_sleep__E  $Tramp$TT$L$PI$$ti_sysbios_knl_Task_sleep__E
   1002ce01     00005138     00004286   rom_sysbios.aem4f : rom_sysbios.obj (.text:sleep)
ti_sysbios_knl_Swi_Params__init__S  $Tramp$TT$L$PI$$ti_sysbios_knl_Swi_Params__init__S
   1002ebf1     00005140     0000423a   dpl_cc13x2.aem4f : SwiP_tirtos.oem4f (.text:SwiP_construct)
ti_sysbios_family_arm_m3_Hwi_Params__init__S  $Tramp$TT$L$PI$$ti_sysbios_family_arm_m3_Hwi_Params__init__S
   1002eb49     00005148     00004184   dpl_cc13x2.aem4f : HwiP_tirtos.oem4f (.text:HwiP_construct)
strlen                    $Tramp$TT$L$PI$$strlen
   1002fddb     00005150     00003e6a   display.aem4f : DisplayUart.oem4f (.text:DisplayUartMin_vprintf)
ti_sysbios_knl_Clock_construct  $Tramp$TT$L$PI$$ti_sysbios_knl_Clock_construct
   1002dd8d     00005158     00003a66   dpl_cc13x2.aem4f : ClockP_tirtos.oem4f (.text:ClockP_construct)
ti_sysbios_knl_Clock_Params__init__S  $Tramp$TT$L$PI$$ti_sysbios_knl_Clock_Params__init__S
   1002eb9d     00005160     00003a4c   dpl_cc13x2.aem4f : ClockP_tirtos.oem4f (.text:ClockP_construct)
xdc_runtime_System_exit__E  $Tramp$TT$L$PI$$xdc_runtime_System_exit__E
   1002f7b1     00005168     00003914   boot.aem4f : boot.oem4f (.text)
                             00004d5e   release_pem4f.oem4f (.text:ti_sysbios_BIOS_exitFunc__I)
ti_sysbios_heaps_HeapMem_restore__E  $Tramp$TT$L$PI$$ti_sysbios_heaps_HeapMem_restore__E
   1002eb13     00005170     00003808   rom_sysbios.aem4f : rom_sysbios.obj (.text:ti_sysbios_heaps_HeapMem_initPrimary__I)
ti_sysbios_heaps_HeapMem_Object__get__S  $Tramp$TT$L$PI$$ti_sysbios_heaps_HeapMem_Object__get__S
   1002e275     00005178     000037d8   rom_sysbios.aem4f : rom_sysbios.obj (.text:ti_sysbios_heaps_HeapMem_initPrimary__I)
ti_sysbios_BIOS_start__E  $Tramp$TT$L$PI$$ti_sysbios_BIOS_start__E
   1002eaa5     00005180     000032a0   main_tirtos.obj (.text:main)
xdc_runtime_Error_raiseX__E  $Tramp$TT$L$PI$$xdc_runtime_Error_raiseX__E
   1002f739     00005188     00002f4a   rom_sysbios.aem4f : rom_sysbios.obj (.text:ti_sysbios_family_arm_m3_Hwi_excHandlerMin__I)
ti_sysbios_BIOS_setThreadType__E  $Tramp$TT$L$PI$$ti_sysbios_BIOS_setThreadType__E
   1002ea11     00005190     00002f0a   rom_sysbios.aem4f : rom_sysbios.obj (.text:ti_sysbios_family_arm_m3_Hwi_excHandlerMin__I)
                             00004624   release_pem4f.oem4f (.text:ti_sysbios_BIOS_atExitFunc__I)
                             00004d58   release_pem4f.oem4f (.text:ti_sysbios_BIOS_exitFunc__I)
ti_sysbios_family_arm_m3_Hwi_excFillContext__I  $Tramp$TT$L$PI$$ti_sysbios_family_arm_m3_Hwi_excFillContext__I
   1002bda9     00005198     00002f04   rom_sysbios.aem4f : rom_sysbios.obj (.text:ti_sysbios_family_arm_m3_Hwi_excHandlerMin__I)
ti_sysbios_knl_Semaphore_post__E  $Tramp$TT$L$PI$$ti_sysbios_knl_Semaphore_post__E
   1002cd21     000051a0     00002ba6   rom_sysbios.aem4f : rom_sysbios.obj (.text:_pthread_removeThreadKeys)
                             000039b4                     : rom_sysbios.obj (.text:pthread_exit)
                             00004f84                     : rom_sysbios.obj (.text:sem_post)
                             00005014   dpl_cc13x2.aem4f : SemaphoreP_tirtos.oem4f (.text:SemaphoreP_post)
xdc_runtime_Memory_free__E  $Tramp$TT$L$PI$$xdc_runtime_Memory_free__E
   1002f81d     000051a8     00002b9c   rom_sysbios.aem4f : rom_sysbios.obj (.text:_pthread_removeThreadKeys)
                             00004780                     : rom_sysbios.obj (.text:_pthread_delete$45)
ti_sysbios_knl_Queue_next__E  $Tramp$TT$L$PI$$ti_sysbios_knl_Queue_next__E
   1002ecd7     000051b0     00002b76   rom_sysbios.aem4f : rom_sysbios.obj (.text:_pthread_removeThreadKeys)
ti_sysbios_knl_Queue_head__E  $Tramp$TT$L$PI$$ti_sysbios_knl_Queue_head__E
   1002ecd3     000051b8     00002b62   rom_sysbios.aem4f : rom_sysbios.obj (.text:_pthread_removeThreadKeys)
ti_sysbios_knl_Semaphore_pend__E  $Tramp$TT$L$PI$$ti_sysbios_knl_Semaphore_pend__E
   1002bfb1     000051c0     00002b5c   rom_sysbios.aem4f : rom_sysbios.obj (.text:_pthread_removeThreadKeys)
                             00004e04   dpl_cc13x2.aem4f : SemaphoreP_tirtos.oem4f (.text:SemaphoreP_pend)
                             00004eaa   rom_sysbios.aem4f : rom_sysbios.obj (.text:sem_wait)
ti_sysbios_knl_Task_restore__E  $Tramp$TT$L$PI$$ti_sysbios_knl_Task_restore__E
   1002df45     000051c8     0000268e   rom_sysbios.aem4f : rom_sysbios.obj (.text:ti_sysbios_knl_Task_setPri__E)
                             00002b50                     : rom_sysbios.obj (.text:_pthread_removeThreadKeys)
                             00002bb0                     : rom_sysbios.obj (.text:_pthread_removeThreadKeys)
                             000039c6                     : rom_sysbios.obj (.text:pthread_exit)
                             00004934                     : rom_sysbios.obj (.text:_pthread_cleanupFxn)
                             00004bba   dpl_cc13x2.aem4f : PowerCC26X2_tirtos.oem4f (.text:PowerCC26XX_schedulerRestore)
ti_sysbios_knl_Queue_enqueue__E  $Tramp$TT$L$PI$$ti_sysbios_knl_Queue_enqueue__E
   1002ebd9     000051d0     00002660   rom_sysbios.aem4f : rom_sysbios.obj (.text:ti_sysbios_knl_Task_setPri__E)
ti_sysbios_knl_Queue_empty__E  $Tramp$TT$L$PI$$ti_sysbios_knl_Queue_empty__E
   1002eb21     000051d8     00002648   rom_sysbios.aem4f : rom_sysbios.obj (.text:ti_sysbios_knl_Task_setPri__E)
                             00002b48                     : rom_sysbios.obj (.text:_pthread_removeThreadKeys)
ti_sysbios_knl_Queue_remove__E  $Tramp$TT$L$PI$$ti_sysbios_knl_Queue_remove__E
   1002eb2f     000051e0     00002642   rom_sysbios.aem4f : rom_sysbios.obj (.text:ti_sysbios_knl_Task_setPri__E)
                             00002b7e                     : rom_sysbios.obj (.text:_pthread_removeThreadKeys)
                             00002b84                     : rom_sysbios.obj (.text:_pthread_removeThreadKeys)
ti_sysbios_knl_Task_disable__E  $Tramp$TT$L$PI$$ti_sysbios_knl_Task_disable__E
   1002ea4d     000051e8     00002608   rom_sysbios.aem4f : rom_sysbios.obj (.text:ti_sysbios_knl_Task_setPri__E)
                             00002b3e                     : rom_sysbios.obj (.text:_pthread_removeThreadKeys)
                             000039ba                     : rom_sysbios.obj (.text:pthread_exit)
                             0000461e   release_pem4f.oem4f (.text:ti_sysbios_BIOS_atExitFunc__I)
                             00004926   rom_sysbios.aem4f : rom_sysbios.obj (.text:_pthread_cleanupFxn)
                             00004b92   dpl_cc13x2.aem4f : PowerCC26X2_tirtos.oem4f (.text:PowerCC26XX_schedulerDisable)
ti_sysbios_knl_Clock_stop__E  $Tramp$TT$L$PI$$ti_sysbios_knl_Clock_stop__E
   1002e2c5     000051f0     000023b2   dpl_cc13x2.aem4f : PowerCC26X2_tirtos.oem4f (.text:PowerCC26XX_standbyPolicy)
                             00004ffc                    : ClockP_tirtos.oem4f (.text:ClockP_stop)
ti_sysbios_knl_Clock_start__E  $Tramp$TT$L$PI$$ti_sysbios_knl_Clock_start__E
   1002e9e7     000051f8     000023a6   dpl_cc13x2.aem4f : PowerCC26X2_tirtos.oem4f (.text:PowerCC26XX_standbyPolicy)
                             00004ff8                    : ClockP_tirtos.oem4f (.text:ClockP_start)
ti_sysbios_knl_Clock_setTimeout__E  $Tramp$TT$L$PI$$ti_sysbios_knl_Clock_setTimeout__E
   1002ecc3     00005200     000023a0   dpl_cc13x2.aem4f : PowerCC26X2_tirtos.oem4f (.text:PowerCC26XX_standbyPolicy)
                             00004ff4                    : ClockP_tirtos.oem4f (.text:ClockP_setTimeout)
ti_sysbios_knl_Task_create  $Tramp$TT$L$PI$$ti_sysbios_knl_Task_create
   1002d529     00005208     00001cca   rom_sysbios.aem4f : rom_sysbios.obj (.text:pthread_create)
ti_sysbios_knl_Semaphore_construct  $Tramp$TT$L$PI$$ti_sysbios_knl_Semaphore_construct
   1002ddc1     00005210     00001cc0   rom_sysbios.aem4f : rom_sysbios.obj (.text:pthread_create)
                             00004728   dpl_cc13x2.aem4f : SemaphoreP_tirtos.oem4f (.text:SemaphoreP_constructBinary)
                             000049ac   rom_sysbios.aem4f : rom_sysbios.obj (.text:sem_init)
ti_sysbios_knl_Semaphore_Params__init__S  $Tramp$TT$L$PI$$ti_sysbios_knl_Semaphore_Params__init__S
   1002ebe5     00005218     00001cae   rom_sysbios.aem4f : rom_sysbios.obj (.text:pthread_create)
                             00004718   dpl_cc13x2.aem4f : SemaphoreP_tirtos.oem4f (.text:SemaphoreP_constructBinary)
                             00004744                    : SemaphoreP_tirtos.oem4f (.text:SemaphoreP_createBinary)
ti_sysbios_knl_Queue_construct  $Tramp$TT$L$PI$$ti_sysbios_knl_Queue_construct
   1002dee5     00005220     00001ca2   rom_sysbios.aem4f : rom_sysbios.obj (.text:pthread_create)
xdc_runtime_Memory_alloc__E  $Tramp$TT$L$PI$$xdc_runtime_Memory_alloc__E
   1002f289     00005228     00001c4a   rom_sysbios.aem4f : rom_sysbios.obj (.text:pthread_create)
ti_sysbios_knl_Task_Params__init__S  $Tramp$TT$L$PI$$ti_sysbios_knl_Task_Params__init__S
   1002ec09     00005230     00001c36   rom_sysbios.aem4f : rom_sysbios.obj (.text:pthread_create)
ti_sysbios_family_arm_m3_Hwi_restoreFxn__E  $Tramp$TT$L$PI$$ti_sysbios_family_arm_m3_Hwi_restoreFxn__E
   1002ec47     00005238     0000110e   drivers_cc13x2.aem4f : UARTCC26XX.oem4f (.text:UARTCC26XX_open)
                             0000111a                        : UARTCC26XX.oem4f (.text:UARTCC26XX_open)
                             000011a4                        : UARTCC26XX.oem4f (.text:UARTCC26XX_open)
                             000013f0                        : UARTCC26XX.oem4f (.text:UARTCC26XX_read)
                             0000144c                        : UARTCC26XX.oem4f (.text:UARTCC26XX_read)
                             00001474                        : UARTCC26XX.oem4f (.text:UARTCC26XX_read)
                             00001486                        : UARTCC26XX.oem4f (.text:UARTCC26XX_read)
                             000014d0                        : UARTCC26XX.oem4f (.text:UARTCC26XX_read)
                             000014e0                        : UARTCC26XX.oem4f (.text:UARTCC26XX_read)
                             00001640                        : I2CCC26XX.oem4f (.text:I2CCC26XX_transfer)
                             00001654                        : I2CCC26XX.oem4f (.text:I2CCC26XX_transfer)
                             0000178a                        : GPIOCC26XX.oem4f (.text:GPIO_setConfig)
                             000017ba                        : GPIOCC26XX.oem4f (.text:GPIO_setConfig)
                             00001be2                        : PINCC26XX.oem4f (.text:PINCC26XX_setIoCfg)
                             00001d1c                        : I2CCC26XX.oem4f (.text:I2CCC26XX_open)
                             00001d2c                        : I2CCC26XX.oem4f (.text:I2CCC26XX_open)
                             00001d4a                        : I2CCC26XX.oem4f (.text:I2CCC26XX_open)
                             00001e0c                        : UARTCC26XX.oem4f (.text:UARTCC26XX_write)
                             00001e2e                        : UARTCC26XX.oem4f (.text:UARTCC26XX_write)
                             00001e84                        : UARTCC26XX.oem4f (.text:UARTCC26XX_write)
                             00001f74                        : PowerCC26X2.oem4f (.text:Power_releaseDependency)
                             00001faa                        : GPIOCC26XX.oem4f (.text:GPIO_init)
                             00001fb0                        : GPIOCC26XX.oem4f (.text:GPIO_init)
                             000021c0                        : PowerCC26X2.oem4f (.text:Power_setDependency)
                             000027e8                        : UARTCC26XX.oem4f (.text:writeTxFifoFlush)
                             00002926                        : UARTCC26XX.oem4f (.text:UARTCC26XX_writeCancel)
                             0000293c                        : UARTCC26XX.oem4f (.text:UARTCC26XX_writeCancel)
                             00002970                        : UARTCC26XX.oem4f (.text:UARTCC26XX_writeCancel)
                             00002a14                        : I2CCC26XX.oem4f (.text:I2CCC26XX_cancel)
                             000035ce                        : UARTCC26XX.oem4f (.text:UARTCC26XX_control)
                             000036a2                        : GPIOCC26XX.oem4f (.text:GPIO_write)
                             000038a2                        : PowerCC26X2_calibrateRCOSC.oem4f (.text:PowerCC26X2_initiateCalibration)
                             00003aba                        : GPIOCC26XX.oem4f (.text:GPIO_enableInt)
                             00003b42                        : UARTCC26XX.oem4f (.text:UARTCC26XX_readCancel)
                             00003b56                        : UARTCC26XX.oem4f (.text:UARTCC26XX_readCancel)
                             00003c20                        : PowerCC26X2.oem4f (.text:switchXOSCHF)
                             00003d5a                        : PINCC26XX.oem4f (.text:PIN_setOutputEnable)
                             00003ea2                        : RingBuf.oem4f (.text:RingBuf_put)
                             00003ecc                        : RingBuf.oem4f (.text:RingBuf_put)
                             00003f06                        : I2C.oem4f (.text:I2C_init)
                             00003fd2                        : UART.oem4f (.text:UART_init)
                             00004096                        : RingBuf.oem4f (.text:RingBuf_get)
                             0000409e                        : RingBuf.oem4f (.text:RingBuf_get)
                             000045dc                        : PowerCC26X2.oem4f (.text:Power_releaseConstraint)
                             0000460c                        : PowerCC26X2.oem4f (.text:Power_setConstraint)
[...]
1002eb3d  xdc_runtime_Timestamp_getFreq__E                                   
1002eb3d  xdc_runtime_Timestamp_getFreq__E                                   
1002eb49  ti_sysbios_family_arm_m3_Hwi_Params__init__S                       
1002eb49  ti_sysbios_hal_Hwi_HwiProxy_Params__init__S                        
1002eb55  ti_sysbios_family_arm_m3_Hwi_disableFxn__E                         
1002eb61  ti_sysbios_family_arm_m3_Hwi_enableFxn__E                          
1002eb6d  ti_sysbios_gates_GateHwi_enter__E                                  
1002eb79  ti_sysbios_BIOS_RtsGateProxy_Params__init__S                       
1002eb79  ti_sysbios_gates_GateMutex_Params__init__S                         
1002eb79  ti_sysbios_heaps_HeapMem_Module_GateProxy_Params__init__S          
1002eb85  ti_sysbios_heaps_HeapTrack_Params__init__S                         
1002eb91  ti_sysbios_heaps_HeapTrack_isBlocking__E                           
1002eb9d  ti_sysbios_knl_Clock_Params__init__S                               
1002eba9  ti_sysbios_knl_Clock_getTimerHandle__E                             
1002ebb5  ti_sysbios_knl_Event_Params__init__S                               
1002ebc1  ti_sysbios_knl_Mailbox_Params__init__S                             
1002ebcd  ti_sysbios_knl_Queue_dequeue__E                                    
1002ebd9  ti_sysbios_knl_Queue_enqueue__E                                    
1002ebe5  ti_sysbios_knl_Semaphore_Params__init__S                           
1002ebf1  ti_sysbios_knl_Swi_Params__init__S                                 
1002ebfd  ti_sysbios_knl_Swi_self__E                                         
1002ec09  ti_sysbios_knl_Task_Params__init__S                                
1002ec15  ti_sysbios_hal_Hwi_Instance_finalize__E                            
1002ec1f  ti_sysbios_knl_Event_Instance_init__E                              
1002ec29  ti_sysbios_family_arm_m3_Hwi_doSwiRestore__I                       
1002ec31  ti_sysbios_family_arm_m3_Hwi_startup__E                            
1002ec31  ti_sysbios_hal_Hwi_HwiProxy_startup__E                             
1002ec31  ti_sysbios_hal_Hwi_HwiProxy_startup__E                             
1002ec31  ti_sysbios_hal_Hwi_startup__E                                      
1002ec31  ti_sysbios_hal_Hwi_startup__E                                      
1002ec39  ti_sysbios_knl_Idle_loop__E                                        
1002ec41  ti_sysbios_family_arm_m3_Hwi_doTaskRestore__I                      
1002ec47  HwiP_restore                                                       
1002ec47  ti_sysbios_family_arm_m3_Hwi_restoreFxn__E                         
1002ec4d  ti_sysbios_gates_GateHwi_leave__E                                  
1002ec53  ti_sysbios_gates_GateMutex_Instance_finalize__E                    
1002ec59  ti_sysbios_heaps_HeapMem_isBlocking__E                             
1002ec5f  ti_sysbios_knl_Queue_Instance_init__E                              
1002ec65  ti_sysbios_knl_Queue_elemClear__E                                  
1002ec6b  ti_sysbios_knl_Swi_startup__E                                      
1002ec71  ti_sysbios_knl_Task_enable__E                                      
1002ec77  ti_sysbios_BIOS_RtsGateProxy_enter__E                              
1002ec7b  ti_sysbios_BIOS_RtsGateProxy_leave__E                              
1002ec7f  ti_sysbios_family_arm_cc26xx_Timer_getExpiredTicks__E              
1002ec83  ti_sysbios_family_arm_cc26xx_Timer_getPeriod__E                    
1002ec87  ti_sysbios_family_arm_cc26xx_Timer_setPeriod__E                    
1002ec8b  ti_sysbios_family_arm_m3_Hwi_delete                                
1002ec8f  ti_sysbios_family_arm_m3_TaskSupport_Module__startupDone__S        
1002ec8f  ti_sysbios_knl_Task_SupportProxy_Module__startupDone__S            
1002ec93  ti_sysbios_gates_GateHwi_query__E                                  
1002ec93  xdc_runtime_Main_Module_GateProxy_query__E                         
1002ec93  xdc_runtime_System_Module_GateProxy_query__E                       
1002ec93  xdc_runtime_System_Module_GateProxy_query__E                       
1002ec97  ti_sysbios_gates_GateMutex_delete                                  
1002ec9b  ti_sysbios_BIOS_RtsGateProxy_query__E                              
1002ec9b  ti_sysbios_BIOS_RtsGateProxy_query__E                              
1002ec9b  ti_sysbios_gates_GateMutex_query__E                                
1002ec9b  ti_sysbios_heaps_HeapMem_Module_GateProxy_query__E                 
1002ec9b  ti_sysbios_heaps_HeapMem_Module_GateProxy_query__E                 
1002ec9f  ti_sysbios_hal_Hwi_HwiProxy_create                                 
1002eca3  ti_sysbios_hal_Hwi_HwiProxy_delete                                 
1002eca7  ti_sysbios_hal_Hwi_delete                                          
1002ecab  ti_sysbios_heaps_HeapMem_Module_GateProxy_enter__E                 
1002ecaf  ti_sysbios_heaps_HeapMem_Module_GateProxy_leave__E                 
1002ecb3  ti_sysbios_knl_Clock_TimerProxy_getExpiredTicks__E                 
1002ecb7  ti_sysbios_knl_Clock_TimerProxy_getPeriod__E                       
1002ecbb  ti_sysbios_knl_Clock_delete                                        
1002ecbf  ti_sysbios_knl_Clock_removeI__E                                    
1002ecc3  ti_sysbios_knl_Clock_setTimeout__E                                 
1002ecc7  ti_sysbios_knl_Event_delete                                        
1002eccb  ti_sysbios_knl_Mailbox_delete                                      
1002eccf  ti_sysbios_knl_Queue_delete                                        
1002ecd3  ti_sysbios_knl_Queue_head__E                                       
1002ecd7  ti_sysbios_knl_Queue_next__E                                       
1002ecdb  ti_sysbios_knl_Semaphore_delete                                    
1002ecdf  ti_sysbios_knl_Swi_delete                                          
1002ece3  ti_sysbios_knl_Swi_postInit__I                                     
1002ece7  ti_sysbios_knl_Task_delete                                         
1002eceb  ti_sysbios_knl_Task_startup__E                                     
1002ecf1  xdc_runtime_System_doPrint__I                                      
1002f055  xdc_runtime_Startup_startMods__I                                   
1002f15d  xdc_runtime_Text_putSite__E                                        
1002f1f7  xdc_runtime_Error_policySpin__E                                    
1002f1f9  xdc_runtime_Text_putMod__E                                         
1002f289  xdc_runtime_Memory_alloc__E                                        
1002f2f9  xdc_runtime_Core_createObject__I                                   
1002f367  xdc_runtime_Core_deleteObject__I                                   
1002f3c5  xdc_runtime_Text_putLab__E                                         
1002f421  xdc_runtime_Assert_raise__I                                        
1002f475  xdc_runtime_Startup_exec__E                                        
1002f4c9  xdc_runtime_Core_assignParams__I                                   
1002f511  xdc_runtime_Core_constructObject__I                                
1002f559  xdc_runtime_System_atexit__E                                       
1002f5a1  xdc_runtime_Text_xprintf__I                                        
1002f5e5  xdc_runtime_System_processAtExit__E                                
1002f625  xdc_runtime_System_putchar__I                                      
1002f659  xdc_runtime_Core_assignLabel__I                                    
1002f689  xdc_runtime_Text_printVisFxn__I                                    
1002f6b9  xdc_runtime_System_vprintf__E                                      
1002f6e5  xdc_runtime_Text_cordText__E                                       
1002f711  xdc_runtime_System_abort__E                                        
1002f739  xdc_runtime_Error_raiseX__E                                        
1002f759  xdc_runtime_Registry_findById__E                                   
1002f779  xdc_runtime_Error_check__E                                         
1002f795  xdc_runtime_Memory_valloc__E                                       
1002f7b1  xdc_runtime_System_exit__E                                         
1002f7cd  xdc_runtime_Text_ropeText__E                                       
1002f7e9  xdc_runtime_System_printf__E                                       
1002f803  xdc_runtime_Core_destructObject__I                                 
1002f81b  xdc_runtime_System_abortSpin__E                                    
1002f81d  xdc_runtime_Memory_free__E                                         
1002f831  xdc_runtime_Memory_getStats__E                                     
1002f845  xdc_runtime_SysCallback_abort__E                                   
1002f845  xdc_runtime_System_SupportProxy_abort__E                           
1002f859  xdc_runtime_SysCallback_exit__E                                    
1002f859  xdc_runtime_System_SupportProxy_exit__E                            
1002f86d  xdc_runtime_SysCallback_flush__E                                   
1002f86d  xdc_runtime_System_SupportProxy_flush__E                           
1002f86d  xdc_runtime_System_flush__E                                        
1002f881  xdc_runtime_SysCallback_putch__E                                   
1002f881  xdc_runtime_System_SupportProxy_putch__E                           
1002f895  xdc_runtime_SysCallback_ready__E                                   
1002f895  xdc_runtime_System_SupportProxy_ready__E                           
1002f8a9  xdc_runtime_Memory_getMaxDefaultTypeAlign__E                       
1002f8b9  xdc_runtime_System_vsnprintf__E                                    
1002f8c9  xdc_runtime_Timestamp_SupportProxy_get32__E                        
1002f8c9  xdc_runtime_Timestamp_SupportProxy_get32__E                        
1002f8c9  xdc_runtime_Timestamp_get32__E                                     
1002f8c9  xdc_runtime_Timestamp_get32__E                                     
1002f8d9  xdc_runtime_Memory_calloc__E                                       
1002f8e5  xdc_runtime_Startup_rtsDone__E                                     
1002f8f1  xdc_runtime_Memory_HeapProxy_alloc__E                              
1002f8fb  xdc_runtime_Memory_HeapProxy_free__E                               
1002f905  xdc_runtime_Memory_HeapProxy_getStats__E                           
1002f90f  xdc_runtime_Gate_leaveSystem__E                                    
1002f915  xdc_runtime_System_Module_startup__E                               
1002f91b  xdc_runtime_Gate_enterSystem__E                                    
1002f91f  xdc_runtime_SysCallback_Module__startupDone__S                     
1002f91f  xdc_runtime_System_SupportProxy_Module__startupDone__S             
1002f923  xdc_runtime_System_Module_GateProxy_enter__E                       
1002f927  xdc_runtime_System_Module_GateProxy_leave__E                       
1002f92b  xdc_runtime_System_printf_va__F                                    
1002f92f  xdc_runtime_System_exitSpin__E                                     
1002f931  ti_sysbios_family_arm_m3_Hwi_dispatch__I                           
1002fa11  ti_sysbios_family_arm_m3_Hwi_interruptsAreDisabledButShouldNotBe   
1002fa2d  ti_sysbios_family_arm_m3_TaskSupport_buildTaskStack                
1002fab9  ti_sysbios_family_arm_m3_Hwi_initStacks__E                         
1002fb11  ti_sysbios_family_arm_m3_Hwi_pendSV__I                             
1002fb35  ti_sysbios_family_arm_m3_Hwi_return                                
1002fb39  ti_sysbios_family_arm_m3_Hwi_excHandlerAsm__I                      
1002fb59  ti_sysbios_family_xxx_Hwi_switchAndRunFunc                         
1002fb77  ti_sysbios_family_arm_m3_TaskSupport_swap__E                       
1002fb77  ti_sysbios_knl_Task_SupportProxy_swap__E                           
1002fb77  ti_sysbios_knl_Task_SupportProxy_swap__E                           
1002fb83  ti_sysbios_knl_Task_swapReturn                                     
1002fb8f  ti_sysbios_family_arm_m3_TaskSupport_glue                          
1002fba0  ti_sysbios_knl_Task_Object__PARAMS__C                              
1002fbdc  ti_sysbios_knl_Mailbox_Object__PARAMS__C                           
1002fc10  ti_sysbios_family_arm_m3_Hwi_Object__PARAMS__C                     
1002fc40  ti_sysbios_hal_Hwi_Object__PARAMS__C                               
1002fc6c  ti_sysbios_knl_Swi_Object__PARAMS__C                               
1002fc94  ti_sysbios_heaps_HeapMem_Object__PARAMS__C                         
1002fcb8  ti_sysbios_knl_Clock_Object__PARAMS__C                             
1002fcdc  ti_sysbios_knl_Semaphore_Object__PARAMS__C                         
1002fd00  ti_sysbios_gates_GateHwi_Object__PARAMS__C                         
1002fd18  ti_sysbios_gates_GateMutex_Object__PARAMS__C                       
1002fd30  ti_sysbios_knl_Event_Object__PARAMS__C                             
1002fd48  ti_sysbios_knl_Queue_Object__PARAMS__C                             
1002fd80  ti_sysbios_heaps_HeapTrack_Object__PARAMS__C                       
1002fd9c  ti_sysbios_heaps_HeapTrack_Instance_State_trackQueue__O            
1002fda0  ti_sysbios_heaps_HeapTrack_Module__diagsEnabled__C                 
1002fda4  ti_sysbios_heaps_HeapTrack_Module__diagsIncluded__C                
1002fda8  ti_sysbios_heaps_HeapTrack_Module__diagsMask__C                    
1002fddb  strlen                                                             
20000000  __start___llvm_prf_cnts                                            
20000000  __stop___llvm_prf_cnts                                             
20000000  ti_sysbios_family_arm_m3_Hwi_ramVectors                            
20000100  xdcRomConstPtr                                                     
20000104  xdcRomExternFuncPtr                                                
20000108  xdcRomStatePtr                                                     
20000110  __primary_heap_start__                                             
20001110  __primary_heap_end__                                               
20001510  ti_sysbios_knl_Task_Instance_State_0_stack__A                      
20001710  uartCC26XXObjects                                                  
2000183c  i2cCC26xxObjects                                                   
2000191c  ti_sysbios_family_arm_m3_Hwi_dispatchTable                         
200019f4  pinHandleTable                                                     
20001b58  opt3001Sem                                                         
20001b74  opt3001Params                                                      
20001b90  OPT3001_object                                                     
20001b9c  displayUartObject                                                  
20001bb8  ClockP_tickPeriod                                                  
20001bbc  PowerCC26XX_swiKey                                                 
20001bc0  PowerCC26XX_taskKey                                                
20001bc4  lux                                                                
20001bc8  sampleTime                                                         
20001bca  driverlib_release_0_55938                                          
20001bd0  PowerCC26X2_module                                                 
20001ce0  ROM_stateStruct                                                    
20001ce0  ti_sysbios_knl_Clock_Module__state__V                              
20001d0c  ti_sysbios_family_arm_cc26xx_TimestampProvider_Module__state__V    
20001d10  xdc_runtime_Startup_Module__state__V                               
20001d18  xdc_runtime_Registry_Module__state__V                              
20001d20  ti_sysbios_BIOS_Module__state__V                                   
20001d44  ti_sysbios_knl_Swi_Module__state__V                                
20001d60  ti_sysbios_knl_Task_Module__state__V                               
20001da4  xdc_runtime_Memory_Module__state__V                                
20001da8  xdc_runtime_System_Module__state__V                                
20001db0  ti_sysbios_family_arm_m3_Hwi_Module__state__V                      
20001de4  ti_sysbios_family_arm_cc26xx_Timer_Module__state__V                
20001e74  ti_sysbios_gates_GateMutex_Object__table__V                        
20001ec8  ti_sysbios_knl_Task_Object__table__V                               
20001f18  ti_sysbios_family_arm_cc26xx_Timer_Object__table__V                
20001f60  ti_sysbios_knl_Swi_Module_State_0_readyQ__A                        
20001f90  ti_sysbios_knl_Swi_Object__table__V                                
20001fc0  ti_sysbios_knl_Task_Module_State_0_readyQ__A                       
20001ff0  ti_sysbios_knl_Clock_Object__table__V                              
20002010  xdc_runtime_Error_IgnoreBlock                                      
20002030  ti_sysbios_family_arm_m3_Hwi_Object__table__V                      
20002048  ti_sysbios_heaps_HeapMem_Object__table__V                          
20002060  _lock                                                              
20002064  _unlock                                                            
20002068  pinUpperBound                                                      
2000206c  pinLowerBound                                                      
20002070  gpioCallbackFunctions                                              
20002078  gpioPinConfigs                                                     
20002080  ti_sysbios_family_arm_m3_Hwi_Module__root__V                       
20002088  ti_sysbios_gates_GateHwi_Module__root__V                           
20002090  ti_sysbios_gates_GateMutex_Module__root__V                         
20002098  ti_sysbios_hal_Hwi_Module__root__V                                 
200020a0  ti_sysbios_heaps_HeapMem_Module__root__V                           
200020a8  ti_sysbios_knl_Clock_Module__root__V                               
200020b0  ti_sysbios_knl_Event_Module__root__V                               
200020b8  ti_sysbios_knl_Mailbox_Module__root__V                             
200020c0  ti_sysbios_knl_Queue_Module__root__V                               
200020c8  ti_sysbios_knl_Semaphore_Module__root__V                           
200020d0  ti_sysbios_knl_Swi_Module__root__V                                 
200020d8  ti_sysbios_knl_Task_Module__root__V                                
200020e0  xdc_runtime_System_Module_State_0_atexitHandlers__A                
200020ee  ti_sysbios_family_arm_m3_Hwi_Module_State_0_excActive__A           
200020f0  opt3001Handle                                                      
200020f4  main_func_sp                                                       
200020f8  ti_sysbios_family_arm_m3_Hwi_Module_State_0_excContext__A          
200020fc  ti_sysbios_family_arm_m3_Hwi_Module_State_0_excStack__A            
20002100  ti_sysbios_knl_Task_Module_State_0_idleTask__A                     
20013c00  __stack                                                            
20014000  __STACK_END                                                        
e000e000  ti_sysbios_family_arm_m3_Hwi_nvic                                  
ffffffff  __TI_pprof_out_hndl                                                
ffffffff  __TI_prof_data_size                                                
ffffffff  __TI_prof_data_start                                               
ffffffff  __binit__                                                          
ffffffff  __c_args__                                                         
ffffffff  binit                                                              
UNDEFED   SHT$$INIT_ARRAY$$Base                                              
UNDEFED   SHT$$INIT_ARRAY$$Limit                                             

[903 symbols]
